Archive member included to satisfy reference by file (symbol)

d:/iti/subjects/intro to es-assaf/tools/sdk/imt_sdk_win_64_arm/winarm/armgcc/bin/../lib/gcc/arm-none-eabi/7.2.1/thumb/v7-m\libgcc.a(unwind-arm.o)
                              ./system/src/newlib/_cxx.o (__aeabi_unwind_cpp_pr1)
d:/iti/subjects/intro to es-assaf/tools/sdk/imt_sdk_win_64_arm/winarm/armgcc/bin/../lib/gcc/arm-none-eabi/7.2.1/thumb/v7-m\libgcc.a(libunwind.o)
                              d:/iti/subjects/intro to es-assaf/tools/sdk/imt_sdk_win_64_arm/winarm/armgcc/bin/../lib/gcc/arm-none-eabi/7.2.1/thumb/v7-m\libgcc.a(unwind-arm.o) (restore_core_regs)
d:/iti/subjects/intro to es-assaf/tools/sdk/imt_sdk_win_64_arm/winarm/armgcc/bin/../lib/gcc/arm-none-eabi/7.2.1/thumb/v7-m\libgcc.a(pr-support.o)
                              d:/iti/subjects/intro to es-assaf/tools/sdk/imt_sdk_win_64_arm/winarm/armgcc/bin/../lib/gcc/arm-none-eabi/7.2.1/thumb/v7-m\libgcc.a(unwind-arm.o) (__gnu_unwind_execute)
d:/iti/subjects/intro to es-assaf/tools/sdk/imt_sdk_win_64_arm/winarm/armgcc/bin/../lib/gcc/arm-none-eabi/7.2.1/../../../../arm-none-eabi/lib/thumb/v7-m\libg_nano.a(lib_a-errno.o)
                              ./system/src/newlib/_sbrk.o (__errno)
d:/iti/subjects/intro to es-assaf/tools/sdk/imt_sdk_win_64_arm/winarm/armgcc/bin/../lib/gcc/arm-none-eabi/7.2.1/../../../../arm-none-eabi/lib/thumb/v7-m\libg_nano.a(lib_a-impure.o)
                              d:/iti/subjects/intro to es-assaf/tools/sdk/imt_sdk_win_64_arm/winarm/armgcc/bin/../lib/gcc/arm-none-eabi/7.2.1/../../../../arm-none-eabi/lib/thumb/v7-m\libg_nano.a(lib_a-errno.o) (_impure_ptr)
d:/iti/subjects/intro to es-assaf/tools/sdk/imt_sdk_win_64_arm/winarm/armgcc/bin/../lib/gcc/arm-none-eabi/7.2.1/../../../../arm-none-eabi/lib/thumb/v7-m\libg_nano.a(lib_a-memcpy-stub.o)
                              d:/iti/subjects/intro to es-assaf/tools/sdk/imt_sdk_win_64_arm/winarm/armgcc/bin/../lib/gcc/arm-none-eabi/7.2.1/thumb/v7-m\libgcc.a(unwind-arm.o) (memcpy)
d:/iti/subjects/intro to es-assaf/tools/sdk/imt_sdk_win_64_arm/winarm/armgcc/bin/../lib/gcc/arm-none-eabi/7.2.1/../../../../arm-none-eabi/lib/thumb/v7-m\libg_nano.a(lib_a-strlen.o)
                              ./system/src/diag/Trace.o (strlen)
d:/iti/subjects/intro to es-assaf/tools/sdk/imt_sdk_win_64_arm/winarm/armgcc/bin/../lib/gcc/arm-none-eabi/7.2.1/../../../../arm-none-eabi/lib/thumb/v7-m\libg_nano.a(lib_a-vsnprintf.o)
                              ./system/src/diag/Trace.o (vsnprintf)
d:/iti/subjects/intro to es-assaf/tools/sdk/imt_sdk_win_64_arm/winarm/armgcc/bin/../lib/gcc/arm-none-eabi/7.2.1/../../../../arm-none-eabi/lib/thumb/v7-m\libg_nano.a(lib_a-nano-svfprintf.o)
                              d:/iti/subjects/intro to es-assaf/tools/sdk/imt_sdk_win_64_arm/winarm/armgcc/bin/../lib/gcc/arm-none-eabi/7.2.1/../../../../arm-none-eabi/lib/thumb/v7-m\libg_nano.a(lib_a-vsnprintf.o) (_svfprintf_r)
d:/iti/subjects/intro to es-assaf/tools/sdk/imt_sdk_win_64_arm/winarm/armgcc/bin/../lib/gcc/arm-none-eabi/7.2.1/../../../../arm-none-eabi/lib/thumb/v7-m\libg_nano.a(lib_a-nano-vfprintf_i.o)
                              d:/iti/subjects/intro to es-assaf/tools/sdk/imt_sdk_win_64_arm/winarm/armgcc/bin/../lib/gcc/arm-none-eabi/7.2.1/../../../../arm-none-eabi/lib/thumb/v7-m\libg_nano.a(lib_a-nano-svfprintf.o) (_printf_i)
d:/iti/subjects/intro to es-assaf/tools/sdk/imt_sdk_win_64_arm/winarm/armgcc/bin/../lib/gcc/arm-none-eabi/7.2.1/../../../../arm-none-eabi/lib/thumb/v7-m\libg_nano.a(lib_a-memchr-stub.o)
                              d:/iti/subjects/intro to es-assaf/tools/sdk/imt_sdk_win_64_arm/winarm/armgcc/bin/../lib/gcc/arm-none-eabi/7.2.1/../../../../arm-none-eabi/lib/thumb/v7-m\libg_nano.a(lib_a-nano-svfprintf.o) (memchr)
d:/iti/subjects/intro to es-assaf/tools/sdk/imt_sdk_win_64_arm/winarm/armgcc/bin/../lib/gcc/arm-none-eabi/7.2.1/../../../../arm-none-eabi/lib/thumb/v7-m\libg_nano.a(lib_a-memmove.o)
                              d:/iti/subjects/intro to es-assaf/tools/sdk/imt_sdk_win_64_arm/winarm/armgcc/bin/../lib/gcc/arm-none-eabi/7.2.1/../../../../arm-none-eabi/lib/thumb/v7-m\libg_nano.a(lib_a-nano-svfprintf.o) (memmove)
d:/iti/subjects/intro to es-assaf/tools/sdk/imt_sdk_win_64_arm/winarm/armgcc/bin/../lib/gcc/arm-none-eabi/7.2.1/../../../../arm-none-eabi/lib/thumb/v7-m\libg_nano.a(lib_a-nano-freer.o)
                              d:/iti/subjects/intro to es-assaf/tools/sdk/imt_sdk_win_64_arm/winarm/armgcc/bin/../lib/gcc/arm-none-eabi/7.2.1/../../../../arm-none-eabi/lib/thumb/v7-m\libg_nano.a(lib_a-nano-svfprintf.o) (_free_r)
d:/iti/subjects/intro to es-assaf/tools/sdk/imt_sdk_win_64_arm/winarm/armgcc/bin/../lib/gcc/arm-none-eabi/7.2.1/../../../../arm-none-eabi/lib/thumb/v7-m\libg_nano.a(lib_a-nano-mallocr.o)
                              d:/iti/subjects/intro to es-assaf/tools/sdk/imt_sdk_win_64_arm/winarm/armgcc/bin/../lib/gcc/arm-none-eabi/7.2.1/../../../../arm-none-eabi/lib/thumb/v7-m\libg_nano.a(lib_a-nano-svfprintf.o) (_malloc_r)
[...]
Memory Configuration

Name             Origin             Length             Attributes
FLASH            0x00000000         0x00020000         xr
RAM              0x20000000         0x00005000         xrw
CCMRAM           0x10000000         0x00000000         xrw
FLASHB1          0x00000000         0x00000000         xr
EXTMEMB0         0x00000000         0x00000000         xr
EXTMEMB1         0x00000000         0x00000000         xr
EXTMEMB2         0x00000000         0x00000000         xr
EXTMEMB3         0x00000000         0x00000000         xr
*default*        0x00000000         0xffffffff

Linker script and memory map

LOAD ./system/src/newlib/_cxx.o
LOAD ./system/src/newlib/_exit.o
LOAD ./system/src/newlib/_sbrk.o
LOAD ./system/src/newlib/_startup.o
LOAD ./system/src/newlib/_syscalls.o
LOAD ./system/src/newlib/assert.o
LOAD ./system/src/diag/Trace.o
LOAD ./system/src/diag/trace_impl.o
LOAD ./system/src/cortexm/_initialize_hardware.o
LOAD ./system/src/cortexm/_reset_hardware.o
LOAD ./system/src/cortexm/exception_handlers.o
LOAD ./system/src/cmsis/system_DEVICE.o
LOAD ./system/src/cmsis/vectors_DEVICE.o
LOAD ./src/DIO_program.o
LOAD ./src/KEYPAD_program.o
LOAD ./src/RCC_program.o
LOAD ./src/STK_program.o
LOAD ./src/mymain.o
LOAD d:/iti/subjects/intro to es-assaf/tools/sdk/imt_sdk_win_64_arm/winarm/armgcc/bin/../lib/gcc/arm-none-eabi/7.2.1/../../../../arm-none-eabi/lib/thumb/v7-m\libstdc++_nano.a
LOAD d:/iti/subjects/intro to es-assaf/tools/sdk/imt_sdk_win_64_arm/winarm/armgcc/bin/../lib/gcc/arm-none-eabi/7.2.1/../../../../arm-none-eabi/lib/thumb/v7-m\libm.a
START GROUP
LOAD d:/iti/subjects/intro to es-assaf/tools/sdk/imt_sdk_win_64_arm/winarm/armgcc/bin/../lib/gcc/arm-none-eabi/7.2.1/thumb/v7-m\libgcc.a
LOAD d:/iti/subjects/intro to es-assaf/tools/sdk/imt_sdk_win_64_arm/winarm/armgcc/bin/../lib/gcc/arm-none-eabi/7.2.1/../../../../arm-none-eabi/lib/thumb/v7-m\libg_nano.a
LOAD d:/iti/subjects/intro to es-assaf/tools/sdk/imt_sdk_win_64_arm/winarm/armgcc/bin/../lib/gcc/arm-none-eabi/7.2.1/../../../../arm-none-eabi/lib/thumb/v7-m\libc_nano.a
END GROUP
START GROUP
LOAD d:/iti/subjects/intro to es-assaf/tools/sdk/imt_sdk_win_64_arm/winarm/armgcc/bin/../lib/gcc/arm-none-eabi/7.2.1/thumb/v7-m\libgcc.a
LOAD d:/iti/subjects/intro to es-assaf/tools/sdk/imt_sdk_win_64_arm/winarm/armgcc/bin/../lib/gcc/arm-none-eabi/7.2.1/../../../../arm-none-eabi/lib/thumb/v7-m\libc_nano.a
END GROUP
                0x20005000                __stack = (ORIGIN (RAM) + LENGTH (RAM))
                0x20005000                _estack = __stack
                0x00000400                __Main_Stack_Size = 0x400
                [!provide]                PROVIDE (_Main_Stack_Size, __Main_Stack_Size)
                0x20004c00                __Main_Stack_Limit = (__stack - __Main_Stack_Size)
                [!provide]                PROVIDE (_Main_Stack_Limit, __Main_Stack_Limit)
                0x00000100                _Minimum_Stack_Size = 0x100
                0x2000011c                PROVIDE (_Heap_Begin, _end_noinit)
                0x20004c00                PROVIDE (_Heap_Limit, (__stack - __Main_Stack_Size))

.isr_vector     0x00000000      0x286
 FILL mask 0xff
                0x00000000                __vectors_start = ABSOLUTE (.)
                0x00000000                __vectors_start__ = ABSOLUTE (.)
 *(.isr_vector)
 .isr_vector    0x00000000       0x44 ./system/src/cmsis/vectors_DEVICE.o
                0x00000000                __isr_vectors
 *(.cfmconfig)
 *(.after_vectors .after_vectors.*)
 .after_vectors
                0x00000044      0x114 ./system/src/newlib/_startup.o
                0x00000044                _start
 .after_vectors
                0x00000158      0x12c ./system/src/cortexm/exception_handlers.o
                0x00000158                Reset_Handler
                0x0000015e                NMI_Handler
                0x00000162                HardFault_Handler
                0x00000176                HardFault_Handler_C
                0x000001d4                MemManage_Handler
                0x000001d8                BusFault_Handler
                0x000001ec                BusFault_Handler_C
                0x00000220                UsageFault_Handler
                0x00000234                UsageFault_Handler_C
                0x00000268                SVC_Handler
                0x0000026c                DebugMon_Handler
                0x00000270                PendSV_Handler
 .after_vectors
                0x00000284        0x2 ./system/src/cmsis/vectors_DEVICE.o
                0x00000284                Default_Handler
                0x00000284                DeviceInterrupt_Handler

.inits          0x00000288       0x28
                0x00000288                __data_regions_array_start = .
                0x00000288        0x4 LONG 0x11b0 LOADADDR (.data)
                0x0000028c        0x4 LONG 0x20000000 ADDR (.data)
                0x00000290        0x4 LONG 0x20000078 (ADDR (.data) + SIZEOF (.data))
                0x00000294        0x4 LONG 0x11b0 LOADADDR (.data_CCMRAM)
                0x00000298        0x4 LONG 0x10000000 ADDR (.data_CCMRAM)
                0x0000029c        0x4 LONG 0x10000000 (ADDR (.data_CCMRAM) + SIZEOF (.data_CCMRAM))
                0x000002a0                __data_regions_array_end = .
                0x000002a0                __bss_regions_array_start = .
                0x000002a0        0x4 LONG 0x20000078 ADDR (.bss)
                0x000002a4        0x4 LONG 0x2000011c (ADDR (.bss) + SIZEOF (.bss))
                0x000002a8        0x4 LONG 0x10000000 ADDR (.bss_CCMRAM)
                0x000002ac        0x4 LONG 0x10000000 (ADDR (.bss_CCMRAM) + SIZEOF (.bss_CCMRAM))
                0x000002b0                __bss_regions_array_end = .
 *(.init)
 *(.fini)
                0x000002b0                . = ALIGN (0x4)
                0x000002b0                PROVIDE (__preinit_array_start, .)
 *(.preinit_array_sysinit .preinit_array_sysinit.*)
 *(.preinit_array_platform .preinit_array_platform.*)
 *(.preinit_array .preinit_array.*)
                0x000002b0                PROVIDE (__preinit_array_end, .)
                0x000002b0                . = ALIGN (0x4)
                0x000002b0                PROVIDE (__init_array_start, .)
 *(SORT_BY_NAME(.init_array.*))
 *(.init_array)
                0x000002b0                PROVIDE (__init_array_end, .)
                0x000002b0                . = ALIGN (0x4)
                0x000002b0                PROVIDE (__fini_array_start, .)
 *(SORT_BY_NAME(.fini_array.*))
 *(.fini_array)
                0x000002b0                PROVIDE (__fini_array_end, .)

.flashtext
 *(.flashtext .flashtext.*)

.text           0x000002b0      0xeff
 *(.text .text.*)
 .text._exit    0x000002b0        0x2 ./system/src/newlib/_exit.o
                0x000002b0                _exit
 *fill*         0x000002b2        0x2 
 .text._sbrk    0x000002b4       0x44 ./system/src/newlib/_sbrk.o
                0x000002b4                _sbrk
 .text.__initialize_args
                0x000002f8       0x10 ./system/src/newlib/_syscalls.o
                0x000002f8                __initialize_args
 .text.trace_printf
                0x00000308       0x30 ./system/src/diag/Trace.o
                0x00000308                trace_printf
 .text._trace_write_semihosting_debug
                0x00000338       0x60 ./system/src/diag/trace_impl.o
 .text.trace_write
                0x00000398        0x8 ./system/src/diag/trace_impl.o
                0x00000398                trace_write
 .text.__initialize_hardware_early
                0x000003a0       0x18 ./system/src/cortexm/_initialize_hardware.o
                0x000003a0                __initialize_hardware_early
 .text.__initialize_hardware
                0x000003b8        0x8 ./system/src/cortexm/_initialize_hardware.o
                0x000003b8                __initialize_hardware
 .text.dumpExceptionStack
                0x000003c0       0xf4 ./system/src/cortexm/exception_handlers.o
                0x000003c0                dumpExceptionStack
 .text.isSemihosting
                0x000004b4       0x20 ./system/src/cortexm/exception_handlers.o
                0x000004b4                isSemihosting
 .text.SystemCoreClockUpdate
                0x000004d4       0x10 ./system/src/cmsis/system_DEVICE.o
                0x000004d4                SystemCoreClockUpdate
 .text.SystemInit
                0x000004e4       0x10 ./system/src/cmsis/system_DEVICE.o
                0x000004e4                SystemInit
 .text.setPinMode
                0x000004f4       0xd0 ./src/DIO_program.o
                0x000004f4                setPinMode
 .text.setPinValue
                0x000005c4       0x8c ./src/DIO_program.o
                0x000005c4                setPinValue
 .text.RCC_Init
                0x00000650       0x54 ./src/RCC_program.o
                0x00000650                RCC_Init
 .text.RCC_EnablePeripheralClock
                0x000006a4       0x48 ./src/RCC_program.o
                0x000006a4                RCC_EnablePeripheralClock
 .text.STK_voidInitialize
                0x000006ec        0xc ./src/STK_program.o
                0x000006ec                STK_voidInitialize
 .text.STK_voidStart
                0x000006f8       0x20 ./src/STK_program.o
                0x000006f8                STK_voidStart
 .text.STK_voidSetCallBack
                0x00000718        0xc ./src/STK_program.o
                0x00000718                STK_voidSetCallBack
 .text.SysTick_Handler
                0x00000724       0x10 ./src/STK_program.o
                0x00000724                SysTick_Handler
 .text.func     0x00000734       0x30 ./src/mymain.o
                0x00000734                func
 .text.main     0x00000764       0x6c ./src/mymain.o
                0x00000764                main
 .text.__errno  0x000007d0        0xc d:/iti/subjects/intro to es-assaf/tools/sdk/imt_sdk_win_64_arm/winarm/armgcc/bin/../lib/gcc/arm-none-eabi/7.2.1/../../../../arm-none-eabi/lib/thumb/v7-m\libg_nano.a(lib_a-errno.o)
                0x000007d0                __errno
 .text.memcpy   0x000007dc       0x16 d:/iti/subjects/intro to es-assaf/tools/sdk/imt_sdk_win_64_arm/winarm/armgcc/bin/../lib/gcc/arm-none-eabi/7.2.1/../../../../arm-none-eabi/lib/thumb/v7-m\libg_nano.a(lib_a-memcpy-stub.o)
                0x000007dc                memcpy
 .text._vsnprintf_r
                0x000007f2       0x58 d:/iti/subjects/intro to es-assaf/tools/sdk/imt_sdk_win_64_arm/winarm/armgcc/bin/../lib/gcc/arm-none-eabi/7.2.1/../../../../arm-none-eabi/lib/thumb/v7-m\libg_nano.a(lib_a-vsnprintf.o)
                0x000007f2                _vsniprintf_r
                0x000007f2                _vsnprintf_r
 *fill*         0x0000084a        0x2 
 .text.vsnprintf
                0x0000084c       0x1c d:/iti/subjects/intro to es-assaf/tools/sdk/imt_sdk_win_64_arm/winarm/armgcc/bin/../lib/gcc/arm-none-eabi/7.2.1/../../../../arm-none-eabi/lib/thumb/v7-m\libg_nano.a(lib_a-vsnprintf.o)
                0x0000084c                vsniprintf
                0x0000084c                vsnprintf
 .text.__ssputs_r
                0x00000868       0xb4 d:/iti/subjects/intro to es-assaf/tools/sdk/imt_sdk_win_64_arm/winarm/armgcc/bin/../lib/gcc/arm-none-eabi/7.2.1/../../../../arm-none-eabi/lib/thumb/v7-m\libg_nano.a(lib_a-nano-svfprintf.o)
                0x00000868                __ssputs_r
 .text._svfprintf_r
                0x0000091c      0x1ec d:/iti/subjects/intro to es-assaf/tools/sdk/imt_sdk_win_64_arm/winarm/armgcc/bin/../lib/gcc/arm-none-eabi/7.2.1/../../../../arm-none-eabi/lib/thumb/v7-m\libg_nano.a(lib_a-nano-svfprintf.o)
                0x0000091c                _svfiprintf_r
                0x0000091c                _svfprintf_r
 .text._printf_common
                0x00000b08       0xec d:/iti/subjects/intro to es-assaf/tools/sdk/imt_sdk_win_64_arm/winarm/armgcc/bin/../lib/gcc/arm-none-eabi/7.2.1/../../../../arm-none-eabi/lib/thumb/v7-m\libg_nano.a(lib_a-nano-vfprintf_i.o)
                0x00000b08                _printf_common
 .text._printf_i
                0x00000bf4      0x224 d:/iti/subjects/intro to es-assaf/tools/sdk/imt_sdk_win_64_arm/winarm/armgcc/bin/../lib/gcc/arm-none-eabi/7.2.1/../../../../arm-none-eabi/lib/thumb/v7-m\libg_nano.a(lib_a-nano-vfprintf_i.o)
                0x00000bf4                _printf_i
 .text.memchr   0x00000e18       0x1c d:/iti/subjects/intro to es-assaf/tools/sdk/imt_sdk_win_64_arm/winarm/armgcc/bin/../lib/gcc/arm-none-eabi/7.2.1/../../../../arm-none-eabi/lib/thumb/v7-m\libg_nano.a(lib_a-memchr-stub.o)
                0x00000e18                memchr
 .text.memmove  0x00000e34       0x32 d:/iti/subjects/intro to es-assaf/tools/sdk/imt_sdk_win_64_arm/winarm/armgcc/bin/../lib/gcc/arm-none-eabi/7.2.1/../../../../arm-none-eabi/lib/thumb/v7-m\libg_nano.a(lib_a-memmove.o)
                0x00000e34                memmove
 *fill*         0x00000e66        0x2 
 .text._free_r  0x00000e68       0x98 d:/iti/subjects/intro to es-assaf/tools/sdk/imt_sdk_win_64_arm/winarm/armgcc/bin/../lib/gcc/arm-none-eabi/7.2.1/../../../../arm-none-eabi/lib/thumb/v7-m\libg_nano.a(lib_a-nano-freer.o)
                0x00000e68                _free_r
 .text._malloc_r
                0x00000f00       0xb4 d:/iti/subjects/intro to es-assaf/tools/sdk/imt_sdk_win_64_arm/winarm/armgcc/bin/../lib/gcc/arm-none-eabi/7.2.1/../../../../arm-none-eabi/lib/thumb/v7-m\libg_nano.a(lib_a-nano-mallocr.o)
                0x00000f00                _malloc_r
 .text._realloc_r
                0x00000fb4       0x4c d:/iti/subjects/intro to es-assaf/tools/sdk/imt_sdk_win_64_arm/winarm/armgcc/bin/../lib/gcc/arm-none-eabi/7.2.1/../../../../arm-none-eabi/lib/thumb/v7-m\libg_nano.a(lib_a-nano-reallocr.o)
                0x00000fb4                _realloc_r
 .text._sbrk_r  0x00001000       0x20 d:/iti/subjects/intro to es-assaf/tools/sdk/imt_sdk_win_64_arm/winarm/armgcc/bin/../lib/gcc/arm-none-eabi/7.2.1/../../../../arm-none-eabi/lib/thumb/v7-m\libg_nano.a(lib_a-sbrkr.o)
                0x00001000                _sbrk_r
 .text.__malloc_lock
                0x00001020        0x2 d:/iti/subjects/intro to es-assaf/tools/sdk/imt_sdk_win_64_arm/winarm/armgcc/bin/../lib/gcc/arm-none-eabi/7.2.1/../../../../arm-none-eabi/lib/thumb/v7-m\libg_nano.a(lib_a-mlock.o)
                0x00001020                __malloc_lock
 .text.__malloc_unlock
                0x00001022        0x2 d:/iti/subjects/intro to es-assaf/tools/sdk/imt_sdk_win_64_arm/winarm/armgcc/bin/../lib/gcc/arm-none-eabi/7.2.1/../../../../arm-none-eabi/lib/thumb/v7-m\libg_nano.a(lib_a-mlock.o)
                0x00001022                __malloc_unlock
 .text._malloc_usable_size_r
                0x00001024       0x10 d:/iti/subjects/intro to es-assaf/tools/sdk/imt_sdk_win_64_arm/winarm/armgcc/bin/../lib/gcc/arm-none-eabi/7.2.1/../../../../arm-none-eabi/lib/thumb/v7-m\libg_nano.a(lib_a-nano-msizer.o)
                0x00001024                _malloc_usable_size_r
 *(.rodata .rodata.* .constdata .constdata.*)
 .rodata.dumpExceptionStack.str1.4
                0x00001034      0x11a ./system/src/cortexm/exception_handlers.o
 *fill*         0x0000114e        0x2 
 .rodata.str1.4
                0x00001150       0x2c ./system/src/cortexm/exception_handlers.o
                                 0x2a (size before relaxing)
 .rodata._svfprintf_r.str1.1
                0x0000117c       0x11 d:/iti/subjects/intro to es-assaf/tools/sdk/imt_sdk_win_64_arm/winarm/armgcc/bin/../lib/gcc/arm-none-eabi/7.2.1/../../../../arm-none-eabi/lib/thumb/v7-m\libg_nano.a(lib_a-nano-svfprintf.o)
 .rodata._printf_i.str1.1
                0x0000118d       0x22 d:/iti/subjects/intro to es-assaf/tools/sdk/imt_sdk_win_64_arm/winarm/armgcc/bin/../lib/gcc/arm-none-eabi/7.2.1/../../../../arm-none-eabi/lib/thumb/v7-m\libg_nano.a(lib_a-nano-vfprintf_i.o)
 *(vtable)
 *(.eh_frame*)
 *(.glue_7)
 .glue_7        0x000011af        0x0 linker stubs
 *(.glue_7t)
 .glue_7t       0x000011af        0x0 linker stubs

.vfp11_veneer   0x000011b0        0x0
 .vfp11_veneer  0x000011b0        0x0 linker stubs

.v4_bx          0x000011b0        0x0
 .v4_bx         0x000011b0        0x0 linker stubs

.iplt           0x000011b0        0x0
 .iplt          0x000011b0        0x0 ./system/src/newlib/_exit.o

.rel.dyn        0x000011b0        0x0
 .rel.iplt      0x000011b0        0x0 ./system/src/newlib/_exit.o

.ARM.extab
 *(.ARM.extab* .gnu.linkonce.armextab.*)
                0x000011b0                . = ALIGN (0x4)
                0x000011b0                __exidx_start = .

.ARM.exidx
 *(.ARM.exidx* .gnu.linkonce.armexidx.*)
                0x000011b0                __exidx_end = .
                0x000011b0                . = ALIGN (0x4)
                0x000011b0                _etext = .
                0x000011b0                __etext = .

.data_CCMRAM    0x10000000        0x0 load address 0x000011b0
 FILL mask 0xff
 *(.data.CCMRAM .data.CCMRAM.*)
                0x10000000                . = ALIGN (0x4)
                0x000011b0                _sidata = LOADADDR (.data)

.data           0x20000000       0x78 load address 0x000011b0
 FILL mask 0xff
                0x20000000                _sdata = .
                0x20000000                __data_start__ = .
 *(.data_begin .data_begin.*)
 .data_begin    0x20000000        0x4 ./system/src/newlib/_startup.o
 *(.data .data.*)
 .data.argv.4310
                0x20000004        0x8 ./system/src/newlib/_syscalls.o
 .data.SystemCoreClock
                0x2000000c        0x4 ./system/src/cmsis/system_DEVICE.o
                0x2000000c                SystemCoreClock
 .data._impure_ptr
                0x20000010        0x4 d:/iti/subjects/intro to es-assaf/tools/sdk/imt_sdk_win_64_arm/winarm/armgcc/bin/../lib/gcc/arm-none-eabi/7.2.1/../../../../arm-none-eabi/lib/thumb/v7-m\libg_nano.a(lib_a-impure.o)
                0x20000010                _impure_ptr
 .data.impure_data
                0x20000014       0x60 d:/iti/subjects/intro to es-assaf/tools/sdk/imt_sdk_win_64_arm/winarm/armgcc/bin/../lib/gcc/arm-none-eabi/7.2.1/../../../../arm-none-eabi/lib/thumb/v7-m\libg_nano.a(lib_a-impure.o)
 *(.data_end .data_end.*)
 .data_end      0x20000074        0x4 ./system/src/newlib/_startup.o
                0x20000078                . = ALIGN (0x4)
                0x20000078                _edata = .
                0x20000078                __data_end__ = .

.igot.plt       0x20000078        0x0 load address 0x00001228
 .igot.plt      0x20000078        0x0 ./system/src/newlib/_exit.o

.bss_CCMRAM     0x10000000        0x0
 *(.bss.CCMRAM .bss.CCMRAM.*)

.bss            0x20000078       0xa4
                0x20000078                __bss_start__ = .
                0x20000078                _sbss = .
 *(.bss_begin .bss_begin.*)
 .bss_begin     0x20000078        0x4 ./system/src/newlib/_startup.o
 *(.bss .bss.*)
 .bss.current_heap_end.3961
                0x2000007c        0x4 ./system/src/newlib/_sbrk.o
 .bss.name.4309
                0x20000080        0x1 ./system/src/newlib/_syscalls.o
 *fill*         0x20000081        0x3 
 .bss.buf.5205  0x20000084       0x80 ./system/src/diag/Trace.o
 .bss.flag.3654
                0x20000104        0x4 ./src/mymain.o
 .bss.__malloc_free_list
                0x20000108        0x4 d:/iti/subjects/intro to es-assaf/tools/sdk/imt_sdk_win_64_arm/winarm/armgcc/bin/../lib/gcc/arm-none-eabi/7.2.1/../../../../arm-none-eabi/lib/thumb/v7-m\libg_nano.a(lib_a-nano-mallocr.o)
                0x20000108                __malloc_free_list
 .bss.__malloc_sbrk_start
                0x2000010c        0x4 d:/iti/subjects/intro to es-assaf/tools/sdk/imt_sdk_win_64_arm/winarm/armgcc/bin/../lib/gcc/arm-none-eabi/7.2.1/../../../../arm-none-eabi/lib/thumb/v7-m\libg_nano.a(lib_a-nano-mallocr.o)
                0x2000010c                __malloc_sbrk_start
 *(COMMON)
 COMMON         0x20000110        0x4 ./system/src/newlib/_syscalls.o
                0x20000110                errno
 COMMON         0x20000114        0x4 ./src/STK_program.o
                0x20000114                SysTick_CallBack
 *(.bss_end .bss_end.*)
 .bss_end       0x20000118        0x4 ./system/src/newlib/_startup.o
                0x2000011c                . = ALIGN (0x4)
                0x2000011c                __bss_end__ = .
                0x2000011c                _ebss = .

.noinit_CCMRAM
 *(.noinit.CCMRAM .noinit.CCMRAM.*)

.noinit         0x2000011c        0x0
                0x2000011c                _noinit = .
 *(.noinit .noinit.*)
                0x2000011c                . = ALIGN (0x4)
                0x2000011c                _end_noinit = .
                [!provide]                PROVIDE (end, _end_noinit)
                [!provide]                PROVIDE (_end, _end_noinit)
                [!provide]                PROVIDE (__end, _end_noinit)
                [!provide]                PROVIDE (__end__, _end_noinit)

._check_stack   0x2000011c      0x100
                0x2000021c                . = (. + _Minimum_Stack_Size)
 *fill*         0x2000011c      0x100 

.b1text
 *(.b1text)
 *(.b1rodata)
 *(.b1rodata.*)

.eb0text
 *(.eb0text)
 *(.eb0rodata)
 *(.eb0rodata.*)

.eb1text
 *(.eb1text)
 *(.eb1rodata)
 *(.eb1rodata.*)

.eb2text
 *(.eb2text)
 *(.eb2rodata)
 *(.eb2rodata.*)

.eb3text
 *(.eb3text)
 *(.eb3rodata)
 *(.eb3rodata.*)

.stab
 *(.stab)

.stabstr
 *(.stabstr)

.stab.excl
 *(.stab.excl)

.stab.exclstr
 *(.stab.exclstr)

.stab.index
 *(.stab.index)

.stab.indexstr
 *(.stab.indexstr)

.comment        0x00000000       0x7e
 *(.comment)
 .comment       0x00000000       0x7e ./system/src/newlib/_exit.o
                                 0x7f (size before relaxing)
 .comment       0x0000007e       0x7f ./system/src/newlib/_sbrk.o
 .comment       0x0000007e       0x7f ./system/src/newlib/_startup.o
 .comment       0x0000007e       0x7f ./system/src/newlib/_syscalls.o
 .comment       0x0000007e       0x7f ./system/src/diag/Trace.o
 .comment       0x0000007e       0x7f ./system/src/diag/trace_impl.o
 .comment       0x0000007e       0x7f ./system/src/cortexm/_initialize_hardware.o
 .comment       0x0000007e       0x7f ./system/src/cortexm/exception_handlers.o
 .comment       0x0000007e       0x7f ./system/src/cmsis/system_DEVICE.o
 .comment       0x0000007e       0x7f ./system/src/cmsis/vectors_DEVICE.o
 .comment       0x0000007e       0x7f ./src/DIO_program.o
 .comment       0x0000007e       0x7f ./src/RCC_program.o
 .comment       0x0000007e       0x7f ./src/STK_program.o
 .comment       0x0000007e       0x7f ./src/mymain.o

.ARM.attributes
                0x00000000       0x31
 .ARM.attributes
                0x00000000       0x33 ./system/src/newlib/_exit.o
 .ARM.attributes
                0x00000033       0x33 ./system/src/newlib/_sbrk.o
 .ARM.attributes
                0x00000066       0x33 ./system/src/newlib/_startup.o
 .ARM.attributes
                0x00000099       0x33 ./system/src/newlib/_syscalls.o
 .ARM.attributes
                0x000000cc       0x33 ./system/src/diag/Trace.o
 .ARM.attributes
                0x000000ff       0x33 ./system/src/diag/trace_impl.o
 .ARM.attributes
                0x00000132       0x33 ./system/src/cortexm/_initialize_hardware.o
 .ARM.attributes
                0x00000165       0x33 ./system/src/cortexm/exception_handlers.o
 .ARM.attributes
                0x00000198       0x33 ./system/src/cmsis/system_DEVICE.o
 .ARM.attributes
                0x000001cb       0x33 ./system/src/cmsis/vectors_DEVICE.o
 .ARM.attributes
                0x000001fe       0x33 ./src/DIO_program.o
 .ARM.attributes
                0x00000231       0x33 ./src/RCC_program.o
 .ARM.attributes
                0x00000264       0x33 ./src/STK_program.o
 .ARM.attributes
                0x00000297       0x33 ./src/mymain.o
 .ARM.attributes
                0x000002ca       0x2d d:/iti/subjects/intro to es-assaf/tools/sdk/imt_sdk_win_64_arm/winarm/armgcc/bin/../lib/gcc/arm-none-eabi/7.2.1/../../../../arm-none-eabi/lib/thumb/v7-m\libg_nano.a(lib_a-errno.o)
 .ARM.attributes
                0x000002f7       0x2d d:/iti/subjects/intro to es-assaf/tools/sdk/imt_sdk_win_64_arm/winarm/armgcc/bin/../lib/gcc/arm-none-eabi/7.2.1/../../../../arm-none-eabi/lib/thumb/v7-m\libg_nano.a(lib_a-impure.o)
 .ARM.attributes
                0x00000324       0x2d d:/iti/subjects/intro to es-assaf/tools/sdk/imt_sdk_win_64_arm/winarm/armgcc/bin/../lib/gcc/arm-none-eabi/7.2.1/../../../../arm-none-eabi/lib/thumb/v7-m\libg_nano.a(lib_a-memcpy-stub.o)
 .ARM.attributes
                0x00000351       0x2d d:/iti/subjects/intro to es-assaf/tools/sdk/imt_sdk_win_64_arm/winarm/armgcc/bin/../lib/gcc/arm-none-eabi/7.2.1/../../../../arm-none-eabi/lib/thumb/v7-m\libg_nano.a(lib_a-vsnprintf.o)
 .ARM.attributes
                0x0000037e       0x2d d:/iti/subjects/intro to es-assaf/tools/sdk/imt_sdk_win_64_arm/winarm/armgcc/bin/../lib/gcc/arm-none-eabi/7.2.1/../../../../arm-none-eabi/lib/thumb/v7-m\libg_nano.a(lib_a-nano-svfprintf.o)
 .ARM.attributes
                0x000003ab       0x2d d:/iti/subjects/intro to es-assaf/tools/sdk/imt_sdk_win_64_arm/winarm/armgcc/bin/../lib/gcc/arm-none-eabi/7.2.1/../../../../arm-none-eabi/lib/thumb/v7-m\libg_nano.a(lib_a-nano-vfprintf_i.o)
 .ARM.attributes
                0x000003d8       0x2d d:/iti/subjects/intro to es-assaf/tools/sdk/imt_sdk_win_64_arm/winarm/armgcc/bin/../lib/gcc/arm-none-eabi/7.2.1/../../../../arm-none-eabi/lib/thumb/v7-m\libg_nano.a(lib_a-memchr-stub.o)
 .ARM.attributes
                0x00000405       0x2d d:/iti/subjects/intro to es-assaf/tools/sdk/imt_sdk_win_64_arm/winarm/armgcc/bin/../lib/gcc/arm-none-eabi/7.2.1/../../../../arm-none-eabi/lib/thumb/v7-m\libg_nano.a(lib_a-memmove.o)
 .ARM.attributes
                0x00000432       0x2d d:/iti/subjects/intro to es-assaf/tools/sdk/imt_sdk_win_64_arm/winarm/armgcc/bin/../lib/gcc/arm-none-eabi/7.2.1/../../../../arm-none-eabi/lib/thumb/v7-m\libg_nano.a(lib_a-nano-freer.o)
 .ARM.attributes
                0x0000045f       0x2d d:/iti/subjects/intro to es-assaf/tools/sdk/imt_sdk_win_64_arm/winarm/armgcc/bin/../lib/gcc/arm-none-eabi/7.2.1/../../../../arm-none-eabi/lib/thumb/v7-m\libg_nano.a(lib_a-nano-mallocr.o)
 .ARM.attributes
                0x0000048c       0x2d d:/iti/subjects/intro to es-assaf/tools/sdk/imt_sdk_win_64_arm/winarm/armgcc/bin/../lib/gcc/arm-none-eabi/7.2.1/../../../../arm-none-eabi/lib/thumb/v7-m\libg_nano.a(lib_a-nano-reallocr.o)
 .ARM.attributes
                0x000004b9       0x2d d:/iti/subjects/intro to es-assaf/tools/sdk/imt_sdk_win_64_arm/winarm/armgcc/bin/../lib/gcc/arm-none-eabi/7.2.1/../../../../arm-none-eabi/lib/thumb/v7-m\libg_nano.a(lib_a-sbrkr.o)
 .ARM.attributes
                0x000004e6       0x2d d:/iti/subjects/intro to es-assaf/tools/sdk/imt_sdk_win_64_arm/winarm/armgcc/bin/../lib/gcc/arm-none-eabi/7.2.1/../../../../arm-none-eabi/lib/thumb/v7-m\libg_nano.a(lib_a-mlock.o)
 .ARM.attributes
                0x00000513       0x2d d:/iti/subjects/intro to es-assaf/tools/sdk/imt_sdk_win_64_arm/winarm/armgcc/bin/../lib/gcc/arm-none-eabi/7.2.1/../../../../arm-none-eabi/lib/thumb/v7-m\libg_nano.a(lib_a-nano-msizer.o)

.debug
 *(.debug)

.line
 *(.line)

.debug_srcinfo
 *(.debug_srcinfo)

.debug_sfnames
 *(.debug_sfnames)

.debug_aranges  0x00000000      0x2e0
 *(.debug_aranges)
 .debug_aranges
                0x00000000       0x28 ./system/src/newlib/_exit.o
 .debug_aranges
                0x00000028       0x20 ./system/src/newlib/_sbrk.o
 .debug_aranges
                0x00000048       0x40 ./system/src/newlib/_startup.o
 .debug_aranges
                0x00000088       0x30 ./system/src/newlib/_syscalls.o
 .debug_aranges
                0x000000b8       0x38 ./system/src/diag/Trace.o
 .debug_aranges
                0x000000f0       0x30 ./system/src/diag/trace_impl.o
 .debug_aranges
                0x00000120       0x28 ./system/src/cortexm/_initialize_hardware.o
 .debug_aranges
                0x00000148       0x90 ./system/src/cortexm/exception_handlers.o
 .debug_aranges
                0x000001d8       0x28 ./system/src/cmsis/system_DEVICE.o
 .debug_aranges
                0x00000200       0x20 ./system/src/cmsis/vectors_DEVICE.o
 .debug_aranges
                0x00000220       0x30 ./src/DIO_program.o
 .debug_aranges
                0x00000250       0x30 ./src/RCC_program.o
 .debug_aranges
                0x00000280       0x38 ./src/STK_program.o
 .debug_aranges
                0x000002b8       0x28 ./src/mymain.o

.debug_pubnames
 *(.debug_pubnames)

.debug_info     0x00000000     0x496f
 *(.debug_info .gnu.linkonce.wi.*)
 .debug_info    0x00000000      0x956 ./system/src/newlib/_exit.o
 .debug_info    0x00000956      0x942 ./system/src/newlib/_sbrk.o
 .debug_info    0x00001298      0x42e ./system/src/newlib/_startup.o
 .debug_info    0x000016c6      0xa19 ./system/src/newlib/_syscalls.o
 .debug_info    0x000020df      0xb2a ./system/src/diag/Trace.o
 .debug_info    0x00002c09      0x363 ./system/src/diag/trace_impl.o
 .debug_info    0x00002f6c      0x2b5 ./system/src/cortexm/_initialize_hardware.o
 .debug_info    0x00003221     0x1140 ./system/src/cortexm/exception_handlers.o
 .debug_info    0x00004361       0xd1 ./system/src/cmsis/system_DEVICE.o
 .debug_info    0x00004432       0xc9 ./system/src/cmsis/vectors_DEVICE.o
 .debug_info    0x000044fb       0xf4 ./src/DIO_program.o
 .debug_info    0x000045ef       0xa6 ./src/RCC_program.o
 .debug_info    0x00004695       0xb1 ./src/STK_program.o
 .debug_info    0x00004746      0x229 ./src/mymain.o

.debug_abbrev   0x00000000     0x13d6
 *(.debug_abbrev)
 .debug_abbrev  0x00000000      0x1f3 ./system/src/newlib/_exit.o
 .debug_abbrev  0x000001f3      0x1fc ./system/src/newlib/_sbrk.o
 .debug_abbrev  0x000003ef      0x1b3 ./system/src/newlib/_startup.o
 .debug_abbrev  0x000005a2      0x234 ./system/src/newlib/_syscalls.o
 .debug_abbrev  0x000007d6      0x276 ./system/src/diag/Trace.o
 .debug_abbrev  0x00000a4c      0x1e2 ./system/src/diag/trace_impl.o
 .debug_abbrev  0x00000c2e       0xea ./system/src/cortexm/_initialize_hardware.o
 .debug_abbrev  0x00000d18      0x32b ./system/src/cortexm/exception_handlers.o
 .debug_abbrev  0x00001043       0x88 ./system/src/cmsis/system_DEVICE.o
 .debug_abbrev  0x000010cb       0x9d ./system/src/cmsis/vectors_DEVICE.o
 .debug_abbrev  0x00001168       0xbb ./src/DIO_program.o
 .debug_abbrev  0x00001223       0x72 ./src/RCC_program.o
 .debug_abbrev  0x00001295       0x9c ./src/STK_program.o
 .debug_abbrev  0x00001331       0xa5 ./src/mymain.o

.debug_line     0x00000000     0x2551
 *(.debug_line)
 .debug_line    0x00000000      0x3ab ./system/src/newlib/_exit.o
 .debug_line    0x000003ab      0x35f ./system/src/newlib/_sbrk.o
 .debug_line    0x0000070a      0x419 ./system/src/newlib/_startup.o
 .debug_line    0x00000b23      0x48c ./system/src/newlib/_syscalls.o
 .debug_line    0x00000faf      0x427 ./system/src/diag/Trace.o
 .debug_line    0x000013d6      0x492 ./system/src/diag/trace_impl.o
 .debug_line    0x00001868      0x189 ./system/src/cortexm/_initialize_hardware.o
 .debug_line    0x000019f1      0x554 ./system/src/cortexm/exception_handlers.o
 .debug_line    0x00001f45      0x16c ./system/src/cmsis/system_DEVICE.o
 .debug_line    0x000020b1      0x113 ./system/src/cmsis/vectors_DEVICE.o
 .debug_line    0x000021c4      0x11c ./src/DIO_program.o
 .debug_line    0x000022e0       0xe6 ./src/RCC_program.o
 .debug_line    0x000023c6       0xc8 ./src/STK_program.o
 .debug_line    0x0000248e       0xc3 ./src/mymain.o

.debug_frame    0x00000000      0x820
 *(.debug_frame)
 .debug_frame   0x00000000       0x38 ./system/src/newlib/_exit.o
 .debug_frame   0x00000038       0x28 ./system/src/newlib/_sbrk.o
 .debug_frame   0x00000060       0x7c ./system/src/newlib/_startup.o
 .debug_frame   0x000000dc       0x50 ./system/src/newlib/_syscalls.o
 .debug_frame   0x0000012c       0x94 ./system/src/diag/Trace.o
 .debug_frame   0x000001c0       0x64 ./system/src/diag/trace_impl.o
 .debug_frame   0x00000224       0x40 ./system/src/cortexm/_initialize_hardware.o
 .debug_frame   0x00000264      0x158 ./system/src/cortexm/exception_handlers.o
 .debug_frame   0x000003bc       0x30 ./system/src/cmsis/system_DEVICE.o
 .debug_frame   0x000003ec       0x20 ./system/src/cmsis/vectors_DEVICE.o
 .debug_frame   0x0000040c       0x4c ./src/DIO_program.o
 .debug_frame   0x00000458       0x40 ./src/RCC_program.o
 .debug_frame   0x00000498       0x58 ./src/STK_program.o
 .debug_frame   0x000004f0       0x40 ./src/mymain.o
 .debug_frame   0x00000530       0x20 d:/iti/subjects/intro to es-assaf/tools/sdk/imt_sdk_win_64_arm/winarm/armgcc/bin/../lib/gcc/arm-none-eabi/7.2.1/../../../../arm-none-eabi/lib/thumb/v7-m\libg_nano.a(lib_a-errno.o)
 .debug_frame   0x00000550       0x28 d:/iti/subjects/intro to es-assaf/tools/sdk/imt_sdk_win_64_arm/winarm/armgcc/bin/../lib/gcc/arm-none-eabi/7.2.1/../../../../arm-none-eabi/lib/thumb/v7-m\libg_nano.a(lib_a-memcpy-stub.o)
 .debug_frame   0x00000578       0x4c d:/iti/subjects/intro to es-assaf/tools/sdk/imt_sdk_win_64_arm/winarm/armgcc/bin/../lib/gcc/arm-none-eabi/7.2.1/../../../../arm-none-eabi/lib/thumb/v7-m\libg_nano.a(lib_a-vsnprintf.o)
 .debug_frame   0x000005c4       0x90 d:/iti/subjects/intro to es-assaf/tools/sdk/imt_sdk_win_64_arm/winarm/armgcc/bin/../lib/gcc/arm-none-eabi/7.2.1/../../../../arm-none-eabi/lib/thumb/v7-m\libg_nano.a(lib_a-nano-svfprintf.o)
 .debug_frame   0x00000654       0x60 d:/iti/subjects/intro to es-assaf/tools/sdk/imt_sdk_win_64_arm/winarm/armgcc/bin/../lib/gcc/arm-none-eabi/7.2.1/../../../../arm-none-eabi/lib/thumb/v7-m\libg_nano.a(lib_a-nano-vfprintf_i.o)
 .debug_frame   0x000006b4       0x28 d:/iti/subjects/intro to es-assaf/tools/sdk/imt_sdk_win_64_arm/winarm/armgcc/bin/../lib/gcc/arm-none-eabi/7.2.1/../../../../arm-none-eabi/lib/thumb/v7-m\libg_nano.a(lib_a-memchr-stub.o)
 .debug_frame   0x000006dc       0x28 d:/iti/subjects/intro to es-assaf/tools/sdk/imt_sdk_win_64_arm/winarm/armgcc/bin/../lib/gcc/arm-none-eabi/7.2.1/../../../../arm-none-eabi/lib/thumb/v7-m\libg_nano.a(lib_a-memmove.o)
 .debug_frame   0x00000704       0x38 d:/iti/subjects/intro to es-assaf/tools/sdk/imt_sdk_win_64_arm/winarm/armgcc/bin/../lib/gcc/arm-none-eabi/7.2.1/../../../../arm-none-eabi/lib/thumb/v7-m\libg_nano.a(lib_a-nano-freer.o)
 .debug_frame   0x0000073c       0x2c d:/iti/subjects/intro to es-assaf/tools/sdk/imt_sdk_win_64_arm/winarm/armgcc/bin/../lib/gcc/arm-none-eabi/7.2.1/../../../../arm-none-eabi/lib/thumb/v7-m\libg_nano.a(lib_a-nano-mallocr.o)
 .debug_frame   0x00000768       0x3c d:/iti/subjects/intro to es-assaf/tools/sdk/imt_sdk_win_64_arm/winarm/armgcc/bin/../lib/gcc/arm-none-eabi/7.2.1/../../../../arm-none-eabi/lib/thumb/v7-m\libg_nano.a(lib_a-nano-reallocr.o)
 .debug_frame   0x000007a4       0x2c d:/iti/subjects/intro to es-assaf/tools/sdk/imt_sdk_win_64_arm/winarm/armgcc/bin/../lib/gcc/arm-none-eabi/7.2.1/../../../../arm-none-eabi/lib/thumb/v7-m\libg_nano.a(lib_a-sbrkr.o)
 .debug_frame   0x000007d0       0x30 d:/iti/subjects/intro to es-assaf/tools/sdk/imt_sdk_win_64_arm/winarm/armgcc/bin/../lib/gcc/arm-none-eabi/7.2.1/../../../../arm-none-eabi/lib/thumb/v7-m\libg_nano.a(lib_a-mlock.o)
 .debug_frame   0x00000800       0x20 d:/iti/subjects/intro to es-assaf/tools/sdk/imt_sdk_win_64_arm/winarm/armgcc/bin/../lib/gcc/arm-none-eabi/7.2.1/../../../../arm-none-eabi/lib/thumb/v7-m\libg_nano.a(lib_a-nano-msizer.o)

.debug_str      0x00000000     0xf89d
 *(.debug_str)
 .debug_str     0x00000000     0x7cf0 ./system/src/newlib/_exit.o
                               0x7ec3 (size before relaxing)
 .debug_str     0x00007cf0      0x4f5 ./system/src/newlib/_sbrk.o
                               0x7275 (size before relaxing)
 .debug_str     0x000081e5      0xbbd ./system/src/newlib/_startup.o
                               0x69b0 (size before relaxing)
 .debug_str     0x00008da2      0xe8b ./system/src/newlib/_syscalls.o
                               0x8150 (size before relaxing)
 .debug_str     0x00009c2d      0x826 ./system/src/diag/Trace.o
                               0x863b (size before relaxing)
 .debug_str     0x0000a453     0x482a ./system/src/diag/trace_impl.o
                               0xbf9c (size before relaxing)
 .debug_str     0x0000ec7d       0xc4 ./system/src/cortexm/_initialize_hardware.o
                               0x7d8d (size before relaxing)
 .debug_str     0x0000ed41      0x1a6 ./system/src/cortexm/exception_handlers.o
                               0xd1c1 (size before relaxing)
 .debug_str     0x0000eee7       0x7e ./system/src/cmsis/system_DEVICE.o
                               0x7d2b (size before relaxing)
 .debug_str     0x0000ef65       0x54 ./system/src/cmsis/vectors_DEVICE.o
                               0x384e (size before relaxing)
 .debug_str     0x0000efb9      0x582 ./src/DIO_program.o
                               0x3299 (size before relaxing)
 .debug_str     0x0000f53b      0x247 ./src/RCC_program.o
                               0x3086 (size before relaxing)
 .debug_str     0x0000f782      0x106 ./src/STK_program.o
                               0x2f59 (size before relaxing)
 .debug_str     0x0000f888       0x15 ./src/mymain.o
                               0x2ee3 (size before relaxing)

.debug_loc      0x00000000      0xb6a
 *(.debug_loc)
 .debug_loc     0x00000000       0x85 ./system/src/newlib/_sbrk.o
 .debug_loc     0x00000085      0x1a9 ./system/src/newlib/_startup.o
 .debug_loc     0x0000022e       0x63 ./system/src/newlib/_syscalls.o
 .debug_loc     0x00000291       0xf6 ./system/src/diag/Trace.o
 .debug_loc     0x00000387      0x121 ./system/src/diag/trace_impl.o
 .debug_loc     0x000004a8      0x291 ./system/src/cortexm/exception_handlers.o
 .debug_loc     0x00000739      0x38b ./src/DIO_program.o
 .debug_loc     0x00000ac4       0xa6 ./src/RCC_program.o

.debug_macinfo
 *(.debug_macinfo)

.debug_weaknames
 *(.debug_weaknames)

.debug_funcnames
 *(.debug_funcnames)

.debug_typenames
 *(.debug_typenames)

.debug_varnames
 *(.debug_varnames)
OUTPUT(9-2-2020_IncDec_Frequency_2Buttons.elf elf32-littlearm)

.debug_ranges   0x00000000      0x278
 .debug_ranges  0x00000000       0x18 ./system/src/newlib/_exit.o
 .debug_ranges  0x00000018       0x10 ./system/src/newlib/_sbrk.o
 .debug_ranges  0x00000028       0x78 ./system/src/newlib/_startup.o
 .debug_ranges  0x000000a0       0x20 ./system/src/newlib/_syscalls.o
 .debug_ranges  0x000000c0       0x28 ./system/src/diag/Trace.o
 .debug_ranges  0x000000e8       0x50 ./system/src/diag/trace_impl.o
 .debug_ranges  0x00000138       0x18 ./system/src/cortexm/_initialize_hardware.o
 .debug_ranges  0x00000150       0x80 ./system/src/cortexm/exception_handlers.o
 .debug_ranges  0x000001d0       0x18 ./system/src/cmsis/system_DEVICE.o
 .debug_ranges  0x000001e8       0x10 ./system/src/cmsis/vectors_DEVICE.o
 .debug_ranges  0x000001f8       0x20 ./src/DIO_program.o
 .debug_ranges  0x00000218       0x20 ./src/RCC_program.o
 .debug_ranges  0x00000238       0x28 ./src/STK_program.o
 .debug_ranges  0x00000260       0x18 ./src/mymain.o

.debug_macro    0x00000000     0x3e68
 .debug_macro   0x00000000      0x1b4 ./system/src/newlib/_exit.o
 .debug_macro   0x000001b4      0xa54 ./system/src/newlib/_exit.o
 .debug_macro   0x00000c08       0x9c ./system/src/newlib/_exit.o
 .debug_macro   0x00000ca4      0x10e ./system/src/newlib/_exit.o
 .debug_macro   0x00000db2       0x8d ./system/src/newlib/_exit.o
 .debug_macro   0x00000e3f       0x43 ./system/src/newlib/_exit.o
 .debug_macro   0x00000e82      0x330 ./system/src/newlib/_exit.o
 .debug_macro   0x000011b2       0x35 ./system/src/newlib/_exit.o
 .debug_macro   0x000011e7      0x169 ./system/src/newlib/_sbrk.o
 .debug_macro   0x00001350      0x174 ./system/src/newlib/_sbrk.o
 .debug_macro   0x000014c4       0x10 ./system/src/newlib/_sbrk.o
 .debug_macro   0x000014d4      0x23b ./system/src/newlib/_sbrk.o
 .debug_macro   0x0000170f      0x173 ./system/src/newlib/_startup.o
 .debug_macro   0x00001882      0x34e ./system/src/newlib/_startup.o
 .debug_macro   0x00001bd0      0x217 ./system/src/newlib/_syscalls.o
 .debug_macro   0x00001de7       0x1c ./system/src/newlib/_syscalls.o
 .debug_macro   0x00001e03       0x10 ./system/src/newlib/_syscalls.o
 .debug_macro   0x00001e13       0x10 ./system/src/newlib/_syscalls.o
 .debug_macro   0x00001e23       0x10 ./system/src/newlib/_syscalls.o
 .debug_macro   0x00001e33       0x35 ./system/src/newlib/_syscalls.o
 .debug_macro   0x00001e68      0x122 ./system/src/newlib/_syscalls.o
 .debug_macro   0x00001f8a       0x88 ./system/src/newlib/_syscalls.o
 .debug_macro   0x00002012       0x2b ./system/src/newlib/_syscalls.o
 .debug_macro   0x0000203d      0x118 ./system/src/newlib/_syscalls.o
 .debug_macro   0x00002155      0x189 ./system/src/newlib/_syscalls.o
 .debug_macro   0x000022de       0x16 ./system/src/newlib/_syscalls.o
 .debug_macro   0x000022f4      0x1fb ./system/src/diag/Trace.o
 .debug_macro   0x000024ef       0x16 ./system/src/diag/Trace.o
 .debug_macro   0x00002505       0x97 ./system/src/diag/Trace.o
 .debug_macro   0x0000259c       0xfd ./system/src/diag/Trace.o
 .debug_macro   0x00002699       0x10 ./system/src/diag/Trace.o
 .debug_macro   0x000026a9       0x16 ./system/src/diag/Trace.o
 .debug_macro   0x000026bf      0x16f ./system/src/diag/Trace.o
 .debug_macro   0x0000282e       0x4c ./system/src/diag/Trace.o
 .debug_macro   0x0000287a       0x16 ./system/src/diag/Trace.o
 .debug_macro   0x00002890      0x1ea ./system/src/diag/trace_impl.o
 .debug_macro   0x00002a7a       0x2b ./system/src/diag/trace_impl.o
 .debug_macro   0x00002aa5       0x35 ./system/src/diag/trace_impl.o
 .debug_macro   0x00002ada       0x34 ./system/src/diag/trace_impl.o
 .debug_macro   0x00002b0e      0xb80 ./system/src/diag/trace_impl.o
 .debug_macro   0x0000368e       0x43 ./system/src/diag/trace_impl.o
 .debug_macro   0x000036d1       0x10 ./system/src/diag/trace_impl.o
 .debug_macro   0x000036e1       0xcf ./system/src/diag/trace_impl.o
 .debug_macro   0x000037b0       0xbe ./system/src/diag/trace_impl.o
 .debug_macro   0x0000386e       0x22 ./system/src/diag/trace_impl.o
 .debug_macro   0x00003890       0x7b ./system/src/cortexm/_initialize_hardware.o
 .debug_macro   0x0000390b      0x234 ./system/src/cortexm/exception_handlers.o
 .debug_macro   0x00003b3f       0x3b ./system/src/cortexm/exception_handlers.o
 .debug_macro   0x00003b7a       0x10 ./system/src/cortexm/exception_handlers.o
 .debug_macro   0x00003b8a       0x83 ./system/src/cmsis/system_DEVICE.o
 .debug_macro   0x00003c0d       0x34 ./system/src/cmsis/vectors_DEVICE.o
 .debug_macro   0x00003c41       0x38 ./src/DIO_program.o
 .debug_macro   0x00003c79       0x3a ./src/DIO_program.o
 .debug_macro   0x00003cb3       0x1c ./src/DIO_program.o
 .debug_macro   0x00003ccf       0x94 ./src/DIO_program.o
 .debug_macro   0x00003d63       0x38 ./src/RCC_program.o
 .debug_macro   0x00003d9b       0x46 ./src/RCC_program.o
 .debug_macro   0x00003de1       0x36 ./src/STK_program.o
 .debug_macro   0x00003e17       0x1c ./src/STK_program.o
 .debug_macro   0x00003e33       0x35 ./src/mymain.o
