01:38:32 **** Clean-only build of configuration Debug for project 28-3-2020_try_Scheduler ****
make clean 
rm -rf  ./system/src/stm32f1-stdperiph/misc.o ./system/src/stm32f1-stdperiph/stm32f10x_rcc.o  ./system/src/newlib/_cxx.o ./system/src/newlib/_exit.o ./system/src/newlib/_sbrk.o ./system/src/newlib/_startup.o ./system/src/newlib/_syscalls.o ./system/src/newlib/assert.o  ./system/src/diag/Trace.o ./system/src/diag/trace_impl.o  ./system/src/cortexm/_initialize_hardware.o ./system/src/cortexm/_reset_hardware.o ./system/src/cortexm/exception_handlers.o  ./system/src/cmsis/system_stm32f10x.o ./system/src/cmsis/vectors_stm32f10x.o  ./src/GPIO.o ./src/RCC.o ./src/SCHED_config.o ./src/SCHED_program.o ./src/Systick.o ./src/main.o  28-3-2020_try_Scheduler.hex  28-3-2020_try_Scheduler.siz  ./system/src/stm32f1-stdperiph/misc.d ./system/src/stm32f1-stdperiph/stm32f10x_rcc.d  ./system/src/newlib/_exit.d ./system/src/newlib/_sbrk.d ./system/src/newlib/_startup.d ./system/src/newlib/_syscalls.d ./system/src/newlib/assert.d  ./system/src/diag/Trace.d ./system/src/diag/trace_impl.d  ./system/src/cortexm/_initialize_hardware.d ./system/src/cortexm/_reset_hardware.d ./system/src/cortexm/exception_handlers.d  ./system/src/cmsis/system_stm32f10x.d ./system/src/cmsis/vectors_stm32f10x.d  ./src/GPIO.d ./src/RCC.d ./src/SCHED_config.d ./src/SCHED_program.d ./src/Systick.d ./src/main.d  ./system/src/newlib/_cxx.d  28-3-2020_try_Scheduler.elf
 
01:39:18 **** Build of configuration Debug for project 28-3-2020_try_Scheduler ****
make all 
Building file: ../system/src/stm32f1-stdperiph/misc.c
Invoking: GNU ARM Cross C Compiler
arm-none-eabi-gcc -mcpu=cortex-m3 -mthumb -Og -fmessage-length=0 -fsigned-char -ffunction-sections -fdata-sections -ffreestanding -fno-move-loop-invariants -Wall -Wextra  -g3 -DDEBUG -DUSE_FULL_ASSERT -DTRACE -DOS_USE_TRACE_SEMIHOSTING_DEBUG -DSTM32F10X_MD -DUSE_STDPERIPH_DRIVER -DHSE_VALUE=8000000 -I"../include" -I"../system/include" -I"../system/include/cmsis" -I"../system/include/stm32f1-stdperiph" -std=gnu11 -MMD -MP -MF"system/src/stm32f1-stdperiph/misc.d" -MT"system/src/stm32f1-stdperiph/misc.o" -c -o "system/src/stm32f1-stdperiph/misc.o" "../system/src/stm32f1-stdperiph/misc.c"
Finished building: ../system/src/stm32f1-stdperiph/misc.c
 
Building file: ../system/src/stm32f1-stdperiph/stm32f10x_rcc.c
Invoking: GNU ARM Cross C Compiler
arm-none-eabi-gcc -mcpu=cortex-m3 -mthumb -Og -fmessage-length=0 -fsigned-char -ffunction-sections -fdata-sections -ffreestanding -fno-move-loop-invariants -Wall -Wextra  -g3 -DDEBUG -DUSE_FULL_ASSERT -DTRACE -DOS_USE_TRACE_SEMIHOSTING_DEBUG -DSTM32F10X_MD -DUSE_STDPERIPH_DRIVER -DHSE_VALUE=8000000 -I"../include" -I"../system/include" -I"../system/include/cmsis" -I"../system/include/stm32f1-stdperiph" -std=gnu11 -MMD -MP -MF"system/src/stm32f1-stdperiph/stm32f10x_rcc.d" -MT"system/src/stm32f1-stdperiph/stm32f10x_rcc.o" -c -o "system/src/stm32f1-stdperiph/stm32f10x_rcc.o" "../system/src/stm32f1-stdperiph/stm32f10x_rcc.c"
Finished building: ../system/src/stm32f1-stdperiph/stm32f10x_rcc.c
 
Building file: ../system/src/newlib/_cxx.cpp
Invoking: GNU ARM Cross C++ Compiler
arm-none-eabi-g++ -mcpu=cortex-m3 -mthumb -Og -fmessage-length=0 -fsigned-char -ffunction-sections -fdata-sections -ffreestanding -fno-move-loop-invariants -Wall -Wextra  -g3 -DDEBUG -DUSE_FULL_ASSERT -DTRACE -DOS_USE_TRACE_SEMIHOSTING_DEBUG -DSTM32F10X_MD -DUSE_STDPERIPH_DRIVER -DHSE_VALUE=8000000 -I"../include" -I"../system/include" -I"../system/include/cmsis" -I"../system/include/stm32f1-stdperiph" -std=gnu++11 -fabi-version=0 -fno-exceptions -fno-rtti -fno-use-cxa-atexit -fno-threadsafe-statics -MMD -MP -MF"system/src/newlib/_cxx.d" -MT"system/src/newlib/_cxx.o" -c -o "system/src/newlib/_cxx.o" "../system/src/newlib/_cxx.cpp"
Finished building: ../system/src/newlib/_cxx.cpp
 
Building file: ../system/src/newlib/_exit.c
Invoking: GNU ARM Cross C Compiler
arm-none-eabi-gcc -mcpu=cortex-m3 -mthumb -Og -fmessage-length=0 -fsigned-char -ffunction-sections -fdata-sections -ffreestanding -fno-move-loop-invariants -Wall -Wextra  -g3 -DDEBUG -DUSE_FULL_ASSERT -DTRACE -DOS_USE_TRACE_SEMIHOSTING_DEBUG -DSTM32F10X_MD -DUSE_STDPERIPH_DRIVER -DHSE_VALUE=8000000 -I"../include" -I"../system/include" -I"../system/include/cmsis" -I"../system/include/stm32f1-stdperiph" -std=gnu11 -MMD -MP -MF"system/src/newlib/_exit.d" -MT"system/src/newlib/_exit.o" -c -o "system/src/newlib/_exit.o" "../system/src/newlib/_exit.c"
Finished building: ../system/src/newlib/_exit.c
 
Building file: ../system/src/newlib/_sbrk.c
Invoking: GNU ARM Cross C Compiler
arm-none-eabi-gcc -mcpu=cortex-m3 -mthumb -Og -fmessage-length=0 -fsigned-char -ffunction-sections -fdata-sections -ffreestanding -fno-move-loop-invariants -Wall -Wextra  -g3 -DDEBUG -DUSE_FULL_ASSERT -DTRACE -DOS_USE_TRACE_SEMIHOSTING_DEBUG -DSTM32F10X_MD -DUSE_STDPERIPH_DRIVER -DHSE_VALUE=8000000 -I"../include" -I"../system/include" -I"../system/include/cmsis" -I"../system/include/stm32f1-stdperiph" -std=gnu11 -MMD -MP -MF"system/src/newlib/_sbrk.d" -MT"system/src/newlib/_sbrk.o" -c -o "system/src/newlib/_sbrk.o" "../system/src/newlib/_sbrk.c"
Finished building: ../system/src/newlib/_sbrk.c
 
Building file: ../system/src/newlib/_startup.c
Invoking: GNU ARM Cross C Compiler
arm-none-eabi-gcc -mcpu=cortex-m3 -mthumb -Og -fmessage-length=0 -fsigned-char -ffunction-sections -fdata-sections -ffreestanding -fno-move-loop-invariants -Wall -Wextra  -g3 -DDEBUG -DUSE_FULL_ASSERT -DTRACE -DOS_USE_TRACE_SEMIHOSTING_DEBUG -DSTM32F10X_MD -DUSE_STDPERIPH_DRIVER -DHSE_VALUE=8000000 -I"../include" -I"../system/include" -I"../system/include/cmsis" -I"../system/include/stm32f1-stdperiph" -std=gnu11 -MMD -MP -MF"system/src/newlib/_startup.d" -MT"system/src/newlib/_startup.o" -c -o "system/src/newlib/_startup.o" "../system/src/newlib/_startup.c"
Finished building: ../system/src/newlib/_startup.c
 
Building file: ../system/src/newlib/_syscalls.c
Invoking: GNU ARM Cross C Compiler
arm-none-eabi-gcc -mcpu=cortex-m3 -mthumb -Og -fmessage-length=0 -fsigned-char -ffunction-sections -fdata-sections -ffreestanding -fno-move-loop-invariants -Wall -Wextra  -g3 -DDEBUG -DUSE_FULL_ASSERT -DTRACE -DOS_USE_TRACE_SEMIHOSTING_DEBUG -DSTM32F10X_MD -DUSE_STDPERIPH_DRIVER -DHSE_VALUE=8000000 -I"../include" -I"../system/include" -I"../system/include/cmsis" -I"../system/include/stm32f1-stdperiph" -std=gnu11 -MMD -MP -MF"system/src/newlib/_syscalls.d" -MT"system/src/newlib/_syscalls.o" -c -o "system/src/newlib/_syscalls.o" "../system/src/newlib/_syscalls.c"
Finished building: ../system/src/newlib/_syscalls.c
 
Building file: ../system/src/newlib/assert.c
Invoking: GNU ARM Cross C Compiler
arm-none-eabi-gcc -mcpu=cortex-m3 -mthumb -Og -fmessage-length=0 -fsigned-char -ffunction-sections -fdata-sections -ffreestanding -fno-move-loop-invariants -Wall -Wextra  -g3 -DDEBUG -DUSE_FULL_ASSERT -DTRACE -DOS_USE_TRACE_SEMIHOSTING_DEBUG -DSTM32F10X_MD -DUSE_STDPERIPH_DRIVER -DHSE_VALUE=8000000 -I"../include" -I"../system/include" -I"../system/include/cmsis" -I"../system/include/stm32f1-stdperiph" -std=gnu11 -MMD -MP -MF"system/src/newlib/assert.d" -MT"system/src/newlib/assert.o" -c -o "system/src/newlib/assert.o" "../system/src/newlib/assert.c"
Finished building: ../system/src/newlib/assert.c
 
Building file: ../system/src/diag/Trace.c
Invoking: GNU ARM Cross C Compiler
arm-none-eabi-gcc -mcpu=cortex-m3 -mthumb -Og -fmessage-length=0 -fsigned-char -ffunction-sections -fdata-sections -ffreestanding -fno-move-loop-invariants -Wall -Wextra  -g3 -DDEBUG -DUSE_FULL_ASSERT -DTRACE -DOS_USE_TRACE_SEMIHOSTING_DEBUG -DSTM32F10X_MD -DUSE_STDPERIPH_DRIVER -DHSE_VALUE=8000000 -I"../include" -I"../system/include" -I"../system/include/cmsis" -I"../system/include/stm32f1-stdperiph" -std=gnu11 -MMD -MP -MF"system/src/diag/Trace.d" -MT"system/src/diag/Trace.o" -c -o "system/src/diag/Trace.o" "../system/src/diag/Trace.c"
Finished building: ../system/src/diag/Trace.c
 
Building file: ../system/src/diag/trace_impl.c
Invoking: GNU ARM Cross C Compiler
arm-none-eabi-gcc -mcpu=cortex-m3 -mthumb -Og -fmessage-length=0 -fsigned-char -ffunction-sections -fdata-sections -ffreestanding -fno-move-loop-invariants -Wall -Wextra  -g3 -DDEBUG -DUSE_FULL_ASSERT -DTRACE -DOS_USE_TRACE_SEMIHOSTING_DEBUG -DSTM32F10X_MD -DUSE_STDPERIPH_DRIVER -DHSE_VALUE=8000000 -I"../include" -I"../system/include" -I"../system/include/cmsis" -I"../system/include/stm32f1-stdperiph" -std=gnu11 -MMD -MP -MF"system/src/diag/trace_impl.d" -MT"system/src/diag/trace_impl.o" -c -o "system/src/diag/trace_impl.o" "../system/src/diag/trace_impl.c"
Finished building: ../system/src/diag/trace_impl.c
 
Building file: ../system/src/cortexm/_initialize_hardware.c
Invoking: GNU ARM Cross C Compiler
arm-none-eabi-gcc -mcpu=cortex-m3 -mthumb -Og -fmessage-length=0 -fsigned-char -ffunction-sections -fdata-sections -ffreestanding -fno-move-loop-invariants -Wall -Wextra  -g3 -DDEBUG -DUSE_FULL_ASSERT -DTRACE -DOS_USE_TRACE_SEMIHOSTING_DEBUG -DSTM32F10X_MD -DUSE_STDPERIPH_DRIVER -DHSE_VALUE=8000000 -I"../include" -I"../system/include" -I"../system/include/cmsis" -I"../system/include/stm32f1-stdperiph" -std=gnu11 -MMD -MP -MF"system/src/cortexm/_initialize_hardware.d" -MT"system/src/cortexm/_initialize_hardware.o" -c -o "system/src/cortexm/_initialize_hardware.o" "../system/src/cortexm/_initialize_hardware.c"
Finished building: ../system/src/cortexm/_initialize_hardware.c
 
Building file: ../system/src/cortexm/_reset_hardware.c
Invoking: GNU ARM Cross C Compiler
arm-none-eabi-gcc -mcpu=cortex-m3 -mthumb -Og -fmessage-length=0 -fsigned-char -ffunction-sections -fdata-sections -ffreestanding -fno-move-loop-invariants -Wall -Wextra  -g3 -DDEBUG -DUSE_FULL_ASSERT -DTRACE -DOS_USE_TRACE_SEMIHOSTING_DEBUG -DSTM32F10X_MD -DUSE_STDPERIPH_DRIVER -DHSE_VALUE=8000000 -I"../include" -I"../system/include" -I"../system/include/cmsis" -I"../system/include/stm32f1-stdperiph" -std=gnu11 -MMD -MP -MF"system/src/cortexm/_reset_hardware.d" -MT"system/src/cortexm/_reset_hardware.o" -c -o "system/src/cortexm/_reset_hardware.o" "../system/src/cortexm/_reset_hardware.c"
Finished building: ../system/src/cortexm/_reset_hardware.c
 
Building file: ../system/src/cortexm/exception_handlers.c
Invoking: GNU ARM Cross C Compiler
arm-none-eabi-gcc -mcpu=cortex-m3 -mthumb -Og -fmessage-length=0 -fsigned-char -ffunction-sections -fdata-sections -ffreestanding -fno-move-loop-invariants -Wall -Wextra  -g3 -DDEBUG -DUSE_FULL_ASSERT -DTRACE -DOS_USE_TRACE_SEMIHOSTING_DEBUG -DSTM32F10X_MD -DUSE_STDPERIPH_DRIVER -DHSE_VALUE=8000000 -I"../include" -I"../system/include" -I"../system/include/cmsis" -I"../system/include/stm32f1-stdperiph" -std=gnu11 -MMD -MP -MF"system/src/cortexm/exception_handlers.d" -MT"system/src/cortexm/exception_handlers.o" -c -o "system/src/cortexm/exception_handlers.o" "../system/src/cortexm/exception_handlers.c"
Finished building: ../system/src/cortexm/exception_handlers.c
 
Building file: ../system/src/cmsis/system_stm32f10x.c
Invoking: GNU ARM Cross C Compiler
arm-none-eabi-gcc -mcpu=cortex-m3 -mthumb -Og -fmessage-length=0 -fsigned-char -ffunction-sections -fdata-sections -ffreestanding -fno-move-loop-invariants -Wall -Wextra  -g3 -DDEBUG -DUSE_FULL_ASSERT -DTRACE -DOS_USE_TRACE_SEMIHOSTING_DEBUG -DSTM32F10X_MD -DUSE_STDPERIPH_DRIVER -DHSE_VALUE=8000000 -I"../include" -I"../system/include" -I"../system/include/cmsis" -I"../system/include/stm32f1-stdperiph" -std=gnu11 -MMD -MP -MF"system/src/cmsis/system_stm32f10x.d" -MT"system/src/cmsis/system_stm32f10x.o" -c -o "system/src/cmsis/system_stm32f10x.o" "../system/src/cmsis/system_stm32f10x.c"
Finished building: ../system/src/cmsis/system_stm32f10x.c
 
Building file: ../system/src/cmsis/vectors_stm32f10x.c
Invoking: GNU ARM Cross C Compiler
arm-none-eabi-gcc -mcpu=cortex-m3 -mthumb -Og -fmessage-length=0 -fsigned-char -ffunction-sections -fdata-sections -ffreestanding -fno-move-loop-invariants -Wall -Wextra  -g3 -DDEBUG -DUSE_FULL_ASSERT -DTRACE -DOS_USE_TRACE_SEMIHOSTING_DEBUG -DSTM32F10X_MD -DUSE_STDPERIPH_DRIVER -DHSE_VALUE=8000000 -I"../include" -I"../system/include" -I"../system/include/cmsis" -I"../system/include/stm32f1-stdperiph" -std=gnu11 -MMD -MP -MF"system/src/cmsis/vectors_stm32f10x.d" -MT"system/src/cmsis/vectors_stm32f10x.o" -c -o "system/src/cmsis/vectors_stm32f10x.o" "../system/src/cmsis/vectors_stm32f10x.c"
Finished building: ../system/src/cmsis/vectors_stm32f10x.c
 
Building file: ../src/GPIO.c
Invoking: GNU ARM Cross C Compiler
arm-none-eabi-gcc -mcpu=cortex-m3 -mthumb -Og -fmessage-length=0 -fsigned-char -ffunction-sections -fdata-sections -ffreestanding -fno-move-loop-invariants -Wall -Wextra  -g3 -DDEBUG -DUSE_FULL_ASSERT -DTRACE -DOS_USE_TRACE_SEMIHOSTING_DEBUG -DSTM32F10X_MD -DUSE_STDPERIPH_DRIVER -DHSE_VALUE=8000000 -I"../include" -I"../system/include" -I"../system/include/cmsis" -I"../system/include/stm32f1-stdperiph" -std=gnu11 -MMD -MP -MF"src/GPIO.d" -MT"src/GPIO.o" -c -o "src/GPIO.o" "../src/GPIO.c"
Finished building: ../src/GPIO.c
 
Building file: ../src/RCC.c
Invoking: GNU ARM Cross C Compiler
arm-none-eabi-gcc -mcpu=cortex-m3 -mthumb -Og -fmessage-length=0 -fsigned-char -ffunction-sections -fdata-sections -ffreestanding -fno-move-loop-invariants -Wall -Wextra  -g3 -DDEBUG -DUSE_FULL_ASSERT -DTRACE -DOS_USE_TRACE_SEMIHOSTING_DEBUG -DSTM32F10X_MD -DUSE_STDPERIPH_DRIVER -DHSE_VALUE=8000000 -I"../include" -I"../system/include" -I"../system/include/cmsis" -I"../system/include/stm32f1-stdperiph" -std=gnu11 -MMD -MP -MF"src/RCC.d" -MT"src/RCC.o" -c -o "src/RCC.o" "../src/RCC.c"
Finished building: ../src/RCC.c
 
Building file: ../src/SCHED_config.c
Invoking: GNU ARM Cross C Compiler
arm-none-eabi-gcc -mcpu=cortex-m3 -mthumb -Og -fmessage-length=0 -fsigned-char -ffunction-sections -fdata-sections -ffreestanding -fno-move-loop-invariants -Wall -Wextra  -g3 -DDEBUG -DUSE_FULL_ASSERT -DTRACE -DOS_USE_TRACE_SEMIHOSTING_DEBUG -DSTM32F10X_MD -DUSE_STDPERIPH_DRIVER -DHSE_VALUE=8000000 -I"../include" -I"../system/include" -I"../system/include/cmsis" -I"../system/include/stm32f1-stdperiph" -std=gnu11 -MMD -MP -MF"src/SCHED_config.d" -MT"src/SCHED_config.o" -c -o "src/SCHED_config.o" "../src/SCHED_config.c"
Finished building: ../src/SCHED_config.c
 
Building file: ../src/SCHED_program.c
Invoking: GNU ARM Cross C Compiler
arm-none-eabi-gcc -mcpu=cortex-m3 -mthumb -Og -fmessage-length=0 -fsigned-char -ffunction-sections -fdata-sections -ffreestanding -fno-move-loop-invariants -Wall -Wextra  -g3 -DDEBUG -DUSE_FULL_ASSERT -DTRACE -DOS_USE_TRACE_SEMIHOSTING_DEBUG -DSTM32F10X_MD -DUSE_STDPERIPH_DRIVER -DHSE_VALUE=8000000 -I"../include" -I"../system/include" -I"../system/include/cmsis" -I"../system/include/stm32f1-stdperiph" -std=gnu11 -MMD -MP -MF"src/SCHED_program.d" -MT"src/SCHED_program.o" -c -o "src/SCHED_program.o" "../src/SCHED_program.c"
Finished building: ../src/SCHED_program.c
 
Building file: ../src/Systick.c
Invoking: GNU ARM Cross C Compiler
arm-none-eabi-gcc -mcpu=cortex-m3 -mthumb -Og -fmessage-length=0 -fsigned-char -ffunction-sections -fdata-sections -ffreestanding -fno-move-loop-invariants -Wall -Wextra  -g3 -DDEBUG -DUSE_FULL_ASSERT -DTRACE -DOS_USE_TRACE_SEMIHOSTING_DEBUG -DSTM32F10X_MD -DUSE_STDPERIPH_DRIVER -DHSE_VALUE=8000000 -I"../include" -I"../system/include" -I"../system/include/cmsis" -I"../system/include/stm32f1-stdperiph" -std=gnu11 -MMD -MP -MF"src/Systick.d" -MT"src/Systick.o" -c -o "src/Systick.o" "../src/Systick.c"
../src/Systick.c: In function 'SYSTICK_SetTime_us':
../src/Systick.c:74:36: warning: unused parameter 'timeus' [-Wunused-parameter]
 extern void SYSTICK_SetTime_us(u32 timeus,u32 AHB_clcHz)
                                ~~~~^~~~~~
../src/Systick.c:74:47: warning: unused parameter 'AHB_clcHz' [-Wunused-parameter]
 extern void SYSTICK_SetTime_us(u32 timeus,u32 AHB_clcHz)
                                           ~~~~^~~~~~~~~
../src/Systick.c: In function 'SYSTICK_SetTime_ms':
../src/Systick.c:80:37: warning: unused parameter 'timems' [-Wunused-parameter]
 extern void SYSTICK_SetTime_ms (u32 timems,u32 AHB_clcHz)
                                 ~~~~^~~~~~
../src/Systick.c:80:48: warning: unused parameter 'AHB_clcHz' [-Wunused-parameter]
 extern void SYSTICK_SetTime_ms (u32 timems,u32 AHB_clcHz)
                                            ~~~~^~~~~~~~~
Finished building: ../src/Systick.c
 
Building file: ../src/main.c
Invoking: GNU ARM Cross C Compiler
arm-none-eabi-gcc -mcpu=cortex-m3 -mthumb -Og -fmessage-length=0 -fsigned-char -ffunction-sections -fdata-sections -ffreestanding -fno-move-loop-invariants -Wall -Wextra  -g3 -DDEBUG -DUSE_FULL_ASSERT -DTRACE -DOS_USE_TRACE_SEMIHOSTING_DEBUG -DSTM32F10X_MD -DUSE_STDPERIPH_DRIVER -DHSE_VALUE=8000000 -I"../include" -I"../system/include" -I"../system/include/cmsis" -I"../system/include/stm32f1-stdperiph" -std=gnu11 -MMD -MP -MF"src/main.d" -MT"src/main.o" -c -o "src/main.o" "../src/main.c"
../src/main.c: In function 'main':
../src/main.c:31:15: warning: variable 't3' set but not used [-Wunused-but-set-variable]
  task_t t1,t2,t3;
               ^~
../src/main.c:31:12: warning: variable 't2' set but not used [-Wunused-but-set-variable]
  task_t t1,t2,t3;
            ^~
../src/main.c:31:9: warning: variable 't1' set but not used [-Wunused-but-set-variable]
  task_t t1,t2,t3;
         ^~
Finished building: ../src/main.c
 
Building target: 28-3-2020_try_Scheduler.elf
Invoking: GNU ARM Cross C++ Linker
arm-none-eabi-g++ -mcpu=cortex-m3 -mthumb -Og -fmessage-length=0 -fsigned-char -ffunction-sections -fdata-sections -ffreestanding -fno-move-loop-invariants -Wall -Wextra  -g3 -T mem.ld -T libs.ld -T sections.ld -nostartfiles -Xlinker --gc-sections -L"../ldscripts" -Wl,-Map,"28-3-2020_try_Scheduler.map" --specs=nano.specs -o "28-3-2020_try_Scheduler.elf"  ./system/src/stm32f1-stdperiph/misc.o ./system/src/stm32f1-stdperiph/stm32f10x_rcc.o  ./system/src/newlib/_cxx.o ./system/src/newlib/_exit.o ./system/src/newlib/_sbrk.o ./system/src/newlib/_startup.o ./system/src/newlib/_syscalls.o ./system/src/newlib/assert.o  ./system/src/diag/Trace.o ./system/src/diag/trace_impl.o  ./system/src/cortexm/_initialize_hardware.o ./system/src/cortexm/_reset_hardware.o ./system/src/cortexm/exception_handlers.o  ./system/src/cmsis/system_stm32f10x.o ./system/src/cmsis/vectors_stm32f10x.o  ./src/GPIO.o ./src/RCC.o ./src/SCHED_config.o ./src/SCHED_program.o ./src/Systick.o ./src/main.o   
Finished building target: 28-3-2020_try_Scheduler.elf
 
Invoking: GNU ARM Cross Create Flash Image
arm-none-eabi-objcopy -O ihex "28-3-2020_try_Scheduler.elf"  "28-3-2020_try_Scheduler.hex"
Finished building: 28-3-2020_try_Scheduler.hex
 
Invoking: GNU ARM Cross Print Size
arm-none-eabi-size --format=berkeley "28-3-2020_try_Scheduler.elf"
   text	   data	    bss	    dec	    hex	filename
   5223	    204	    476	   5903	   170f	28-3-2020_try_Scheduler.elf
Finished building: 28-3-2020_try_Scheduler.siz
 
01:39:25 **** Incremental Build of configuration Debug for project 28-3-2020_try_Scheduler ****
make all 
Invoking: GNU ARM Cross Print Size
arm-none-eabi-size --format=berkeley "28-3-2020_try_Scheduler.elf"
   text	   data	    bss	    dec	    hex	filename
   5223	    204	    476	   5903	   170f	28-3-2020_try_Scheduler.elf
Finished building: 28-3-2020_try_Scheduler.siz
 
01:39:25 **** Incremental Build of configuration Debug for project 28-3-2020_try_Scheduler ****
make all 
Invoking: GNU ARM Cross Print Size
arm-none-eabi-size --format=berkeley "28-3-2020_try_Scheduler.elf"
   text	   data	    bss	    dec	    hex	filename
   5223	    204	    476	   5903	   170f	28-3-2020_try_Scheduler.elf
Finished building: 28-3-2020_try_Scheduler.siz
 
01:39:42 **** Incremental Build of configuration Debug for project 28-3-2020_try_Scheduler ****
make all 
Invoking: GNU ARM Cross Print Size
arm-none-eabi-size --format=berkeley "28-3-2020_try_Scheduler.elf"
   text	   data	    bss	    dec	    hex	filename
   5223	    204	    476	   5903	   170f	28-3-2020_try_Scheduler.elf
Finished building: 28-3-2020_try_Scheduler.siz
 
01:40:11 **** Incremental Build of configuration Debug for project 28-3-2020_try_Scheduler ****
make all 
Invoking: GNU ARM Cross Print Size
arm-none-eabi-size --format=berkeley "28-3-2020_try_Scheduler.elf"
   text	   data	    bss	    dec	    hex	filename
   5223	    204	    476	   5903	   170f	28-3-2020_try_Scheduler.elf
Finished building: 28-3-2020_try_Scheduler.siz
 
01:40:31 **** Incremental Build of configuration Debug for project 28-3-2020_try_Scheduler ****
make all 
Invoking: GNU ARM Cross Print Size
arm-none-eabi-size --format=berkeley "28-3-2020_try_Scheduler.elf"
   text	   data	    bss	    dec	    hex	filename
   5223	    204	    476	   5903	   170f	28-3-2020_try_Scheduler.elf
Finished building: 28-3-2020_try_Scheduler.siz
 
01:43:18 **** Incremental Build of configuration Debug for project 28-3-2020_try_Scheduler ****
make all 
Building file: ../src/SCHED_program.c
Invoking: GNU ARM Cross C Compiler
arm-none-eabi-gcc -mcpu=cortex-m3 -mthumb -Og -fmessage-length=0 -fsigned-char -ffunction-sections -fdata-sections -ffreestanding -fno-move-loop-invariants -Wall -Wextra  -g3 -DDEBUG -DUSE_FULL_ASSERT -DTRACE -DOS_USE_TRACE_SEMIHOSTING_DEBUG -DSTM32F10X_MD -DUSE_STDPERIPH_DRIVER -DHSE_VALUE=8000000 -I"../include" -I"../system/include" -I"../system/include/cmsis" -I"../system/include/stm32f1-stdperiph" -std=gnu11 -MMD -MP -MF"src/SCHED_program.d" -MT"src/SCHED_program.o" -c -o "src/SCHED_program.o" "../src/SCHED_program.c"
Finished building: ../src/SCHED_program.c
 
Building target: 28-3-2020_try_Scheduler.elf
Invoking: GNU ARM Cross C++ Linker
arm-none-eabi-g++ -mcpu=cortex-m3 -mthumb -Og -fmessage-length=0 -fsigned-char -ffunction-sections -fdata-sections -ffreestanding -fno-move-loop-invariants -Wall -Wextra  -g3 -T mem.ld -T libs.ld -T sections.ld -nostartfiles -Xlinker --gc-sections -L"../ldscripts" -Wl,-Map,"28-3-2020_try_Scheduler.map" --specs=nano.specs -o "28-3-2020_try_Scheduler.elf"  ./system/src/stm32f1-stdperiph/misc.o ./system/src/stm32f1-stdperiph/stm32f10x_rcc.o  ./system/src/newlib/_cxx.o ./system/src/newlib/_exit.o ./system/src/newlib/_sbrk.o ./system/src/newlib/_startup.o ./system/src/newlib/_syscalls.o ./system/src/newlib/assert.o  ./system/src/diag/Trace.o ./system/src/diag/trace_impl.o  ./system/src/cortexm/_initialize_hardware.o ./system/src/cortexm/_reset_hardware.o ./system/src/cortexm/exception_handlers.o  ./system/src/cmsis/system_stm32f10x.o ./system/src/cmsis/vectors_stm32f10x.o  ./src/GPIO.o ./src/RCC.o ./src/SCHED_config.o ./src/SCHED_program.o ./src/Systick.o ./src/main.o   
Finished building target: 28-3-2020_try_Scheduler.elf
 
Invoking: GNU ARM Cross Create Flash Image
arm-none-eabi-objcopy -O ihex "28-3-2020_try_Scheduler.elf"  "28-3-2020_try_Scheduler.hex"
Finished building: 28-3-2020_try_Scheduler.hex
 
Invoking: GNU ARM Cross Print Size
arm-none-eabi-size --format=berkeley "28-3-2020_try_Scheduler.elf"
   text	   data	    bss	    dec	    hex	filename
   5223	    204	    476	   5903	   170f	28-3-2020_try_Scheduler.elf
Finished building: 28-3-2020_try_Scheduler.siz
 
01:43:27 **** Incremental Build of configuration Debug for project 28-3-2020_try_Scheduler ****
make all 
Invoking: GNU ARM Cross Print Size
arm-none-eabi-size --format=berkeley "28-3-2020_try_Scheduler.elf"
   text	   data	    bss	    dec	    hex	filename
   5223	    204	    476	   5903	   170f	28-3-2020_try_Scheduler.elf
Finished building: 28-3-2020_try_Scheduler.siz
 
01:44:26 **** Incremental Build of configuration Debug for project 28-3-2020_try_Scheduler ****
make all 
Invoking: GNU ARM Cross Print Size
arm-none-eabi-size --format=berkeley "28-3-2020_try_Scheduler.elf"
   text	   data	    bss	    dec	    hex	filename
   5223	    204	    476	   5903	   170f	28-3-2020_try_Scheduler.elf
Finished building: 28-3-2020_try_Scheduler.siz
 
01:48:24 **** Build of configuration Debug for project SysTick_Driver ****
make all 
'Building file: ../src/main.c'
'Invoking: GNU ARM Cross C Compiler'
arm-none-eabi-gcc -mcpu=cortex-m3 -mthumb -Og -fmessage-length=0 -fsigned-char -ffunction-sections -fdata-sections -ffreestanding -fno-move-loop-invariants -Wall -Wextra  -g3 -DDEBUG -DUSE_FULL_ASSERT -DTRACE -DOS_USE_TRACE_SEMIHOSTING_DEBUG -DSTM32F10X_MD -DUSE_STDPERIPH_DRIVER -DHSE_VALUE=8000000 -I"../include" -I"../system/include" -I"../system/include/cmsis" -I"../system/include/stm32f1-stdperiph" -std=gnu11 -MMD -MP -MF"src/main.d" -MT"src/main.o" -c -o "src/main.o" "../src/main.c"
'Finished building: ../src/main.c'
' '
'Building target: SysTick_Driver.elf'
'Invoking: GNU ARM Cross C++ Linker'
arm-none-eabi-g++ -mcpu=cortex-m3 -mthumb -Og -fmessage-length=0 -fsigned-char -ffunction-sections -fdata-sections -ffreestanding -fno-move-loop-invariants -Wall -Wextra  -g3 -T mem.ld -T libs.ld -T sections.ld -nostartfiles -Xlinker --gc-sections -L"../ldscripts" -Wl,-Map,"SysTick_Driver.map" --specs=nano.specs -o "SysTick_Driver.elf"  ./system/src/stm32f1-stdperiph/misc.o ./system/src/stm32f1-stdperiph/stm32f10x_rcc.o  ./system/src/newlib/_cxx.o ./system/src/newlib/_exit.o ./system/src/newlib/_sbrk.o ./system/src/newlib/_startup.o ./system/src/newlib/_syscalls.o ./system/src/newlib/assert.o  ./system/src/diag/Trace.o ./system/src/diag/trace_impl.o  ./system/src/cortexm/_initialize_hardware.o ./system/src/cortexm/_reset_hardware.o ./system/src/cortexm/exception_handlers.o  ./system/src/cmsis/system_stm32f10x.o ./system/src/cmsis/vectors_stm32f10x.o  ./src/GPIO.o ./src/NVIC.o ./src/RCC.o ./src/Systick.o ./src/main.o   
'Finished building target: SysTick_Driver.elf'
' '
'Invoking: GNU ARM Cross Create Flash Image'
arm-none-eabi-objcopy -O ihex "SysTick_Driver.elf"  "SysTick_Driver.hex"
'Finished building: SysTick_Driver.hex'
' '
'Invoking: GNU ARM Cross Print Size'
arm-none-eabi-size --format=berkeley "SysTick_Driver.elf"
   text	   data	    bss	    dec	    hex	filename
   5019	    176	    436	   5631	   15ff	SysTick_Driver.elf
'Finished building: SysTick_Driver.siz'
' '
01:51:04 **** Incremental Build of configuration Debug for project 28-3-2020_try_Scheduler ****
make all 
Invoking: GNU ARM Cross Print Size
arm-none-eabi-size --format=berkeley "28-3-2020_try_Scheduler.elf"
   text	   data	    bss	    dec	    hex	filename
   5223	    204	    476	   5903	   170f	28-3-2020_try_Scheduler.elf
Finished building: 28-3-2020_try_Scheduler.siz
 
01:56:09 **** Incremental Build of configuration Debug for project 28-3-2020_try_Scheduler ****
make all 
Building file: ../src/SCHED_config.c
Invoking: GNU ARM Cross C Compiler
arm-none-eabi-gcc -mcpu=cortex-m3 -mthumb -Og -fmessage-length=0 -fsigned-char -ffunction-sections -fdata-sections -ffreestanding -fno-move-loop-invariants -Wall -Wextra  -g3 -DDEBUG -DUSE_FULL_ASSERT -DTRACE -DOS_USE_TRACE_SEMIHOSTING_DEBUG -DSTM32F10X_MD -DUSE_STDPERIPH_DRIVER -DHSE_VALUE=8000000 -I"../include" -I"../system/include" -I"../system/include/cmsis" -I"../system/include/stm32f1-stdperiph" -std=gnu11 -MMD -MP -MF"src/SCHED_config.d" -MT"src/SCHED_config.o" -c -o "src/SCHED_config.o" "../src/SCHED_config.c"
../src/SCHED_config.c:19:38: error: incompatible types when initializing type 'task_t *' {aka 'struct <anonymous> *'} using type 'task_t' {aka 'struct <anonymous>'}
 sysTask_t userTasks[NumOfTasks] = { {app1,0},
                                      ^~~~
../src/SCHED_config.c:20:14: error: incompatible types when initializing type 'task_t *' {aka 'struct <anonymous> *'} using type 'task_t' {aka 'struct <anonymous>'}
             {app2,0},
              ^~~~
../src/SCHED_config.c:21:11: error: incompatible types when initializing type 'task_t *' {aka 'struct <anonymous> *'} using type 'task_t' {aka 'struct <anonymous>'}
          {app3,0}
           ^~~~
src/subdir.mk:33: recipe for target 'src/SCHED_config.o' failed
make: *** [src/SCHED_config.o] Error 1
"make all" terminated with exit code 2. Build might be incomplete.
01:56:45 **** Incremental Build of configuration Debug for project 28-3-2020_try_Scheduler ****
make all 
Building file: ../src/SCHED_config.c
Invoking: GNU ARM Cross C Compiler
arm-none-eabi-gcc -mcpu=cortex-m3 -mthumb -Og -fmessage-length=0 -fsigned-char -ffunction-sections -fdata-sections -ffreestanding -fno-move-loop-invariants -Wall -Wextra  -g3 -DDEBUG -DUSE_FULL_ASSERT -DTRACE -DOS_USE_TRACE_SEMIHOSTING_DEBUG -DSTM32F10X_MD -DUSE_STDPERIPH_DRIVER -DHSE_VALUE=8000000 -I"../include" -I"../system/include" -I"../system/include/cmsis" -I"../system/include/stm32f1-stdperiph" -std=gnu11 -MMD -MP -MF"src/SCHED_config.d" -MT"src/SCHED_config.o" -c -o "src/SCHED_config.o" "../src/SCHED_config.c"
Finished building: ../src/SCHED_config.c
 
Building target: 28-3-2020_try_Scheduler.elf
Invoking: GNU ARM Cross C++ Linker
arm-none-eabi-g++ -mcpu=cortex-m3 -mthumb -Og -fmessage-length=0 -fsigned-char -ffunction-sections -fdata-sections -ffreestanding -fno-move-loop-invariants -Wall -Wextra  -g3 -T mem.ld -T libs.ld -T sections.ld -nostartfiles -Xlinker --gc-sections -L"../ldscripts" -Wl,-Map,"28-3-2020_try_Scheduler.map" --specs=nano.specs -o "28-3-2020_try_Scheduler.elf"  ./system/src/stm32f1-stdperiph/misc.o ./system/src/stm32f1-stdperiph/stm32f10x_rcc.o  ./system/src/newlib/_cxx.o ./system/src/newlib/_exit.o ./system/src/newlib/_sbrk.o ./system/src/newlib/_startup.o ./system/src/newlib/_syscalls.o ./system/src/newlib/assert.o  ./system/src/diag/Trace.o ./system/src/diag/trace_impl.o  ./system/src/cortexm/_initialize_hardware.o ./system/src/cortexm/_reset_hardware.o ./system/src/cortexm/exception_handlers.o  ./system/src/cmsis/system_stm32f10x.o ./system/src/cmsis/vectors_stm32f10x.o  ./src/GPIO.o ./src/RCC.o ./src/SCHED_config.o ./src/SCHED_program.o ./src/Systick.o ./src/main.o   
Finished building target: 28-3-2020_try_Scheduler.elf
 
Invoking: GNU ARM Cross Create Flash Image
arm-none-eabi-objcopy -O ihex "28-3-2020_try_Scheduler.elf"  "28-3-2020_try_Scheduler.hex"
Finished building: 28-3-2020_try_Scheduler.hex
 
Invoking: GNU ARM Cross Print Size
arm-none-eabi-size --format=berkeley "28-3-2020_try_Scheduler.elf"
   text	   data	    bss	    dec	    hex	filename
   5223	    204	    476	   5903	   170f	28-3-2020_try_Scheduler.elf
Finished building: 28-3-2020_try_Scheduler.siz
 
01:59:10 **** Incremental Build of configuration Debug for project 28-3-2020_try_Scheduler ****
make all 
Building file: ../src/SCHED_config.c
Invoking: GNU ARM Cross C Compiler
arm-none-eabi-gcc -mcpu=cortex-m3 -mthumb -Og -fmessage-length=0 -fsigned-char -ffunction-sections -fdata-sections -ffreestanding -fno-move-loop-invariants -Wall -Wextra  -g3 -DDEBUG -DUSE_FULL_ASSERT -DTRACE -DOS_USE_TRACE_SEMIHOSTING_DEBUG -DSTM32F10X_MD -DUSE_STDPERIPH_DRIVER -DHSE_VALUE=8000000 -I"../include" -I"../system/include" -I"../system/include/cmsis" -I"../system/include/stm32f1-stdperiph" -std=gnu11 -MMD -MP -MF"src/SCHED_config.d" -MT"src/SCHED_config.o" -c -o "src/SCHED_config.o" "../src/SCHED_config.c"
Finished building: ../src/SCHED_config.c
 
Building target: 28-3-2020_try_Scheduler.elf
Invoking: GNU ARM Cross C++ Linker
arm-none-eabi-g++ -mcpu=cortex-m3 -mthumb -Og -fmessage-length=0 -fsigned-char -ffunction-sections -fdata-sections -ffreestanding -fno-move-loop-invariants -Wall -Wextra  -g3 -T mem.ld -T libs.ld -T sections.ld -nostartfiles -Xlinker --gc-sections -L"../ldscripts" -Wl,-Map,"28-3-2020_try_Scheduler.map" --specs=nano.specs -o "28-3-2020_try_Scheduler.elf"  ./system/src/stm32f1-stdperiph/misc.o ./system/src/stm32f1-stdperiph/stm32f10x_rcc.o  ./system/src/newlib/_cxx.o ./system/src/newlib/_exit.o ./system/src/newlib/_sbrk.o ./system/src/newlib/_startup.o ./system/src/newlib/_syscalls.o ./system/src/newlib/assert.o  ./system/src/diag/Trace.o ./system/src/diag/trace_impl.o  ./system/src/cortexm/_initialize_hardware.o ./system/src/cortexm/_reset_hardware.o ./system/src/cortexm/exception_handlers.o  ./system/src/cmsis/system_stm32f10x.o ./system/src/cmsis/vectors_stm32f10x.o  ./src/GPIO.o ./src/RCC.o ./src/SCHED_config.o ./src/SCHED_program.o ./src/Systick.o ./src/main.o   
c:/program files (x86)/gnu tools arm embedded/8 2019-q3-update/bin/../lib/gcc/arm-none-eabi/8.3.1/../../../../arm-none-eabi/bin/ld.exe: ./src/SCHED_config.o:D:\ITI\Subjects\Embedded_Computer_Architecture_Eng.Tourky\Nafe3_Workspace-v2019\28-3-2020_try_Scheduler\Debug/../src/SCHED_config.c:19: undefined reference to `t1'
c:/program files (x86)/gnu tools arm embedded/8 2019-q3-update/bin/../lib/gcc/arm-none-eabi/8.3.1/../../../../arm-none-eabi/bin/ld.exe: ./src/SCHED_config.o:(.data.userTasks+0x8): undefined reference to `t2'
c:/program files (x86)/gnu tools arm embedded/8 2019-q3-update/bin/../lib/gcc/arm-none-eabi/8.3.1/../../../../arm-none-eabi/bin/ld.exe: ./src/SCHED_config.o:(.data.userTasks+0x10): undefined reference to `t3'
collect2.exe: error: ld returned 1 exit status
makefile:62: recipe for target '28-3-2020_try_Scheduler.elf' failed
make: *** [28-3-2020_try_Scheduler.elf] Error 1
"make all" terminated with exit code 2. Build might be incomplete.
02:00:05 **** Incremental Build of configuration Debug for project 28-3-2020_try_Scheduler ****
make all 
Building file: ../src/SCHED_config.c
Invoking: GNU ARM Cross C Compiler
arm-none-eabi-gcc -mcpu=cortex-m3 -mthumb -Og -fmessage-length=0 -fsigned-char -ffunction-sections -fdata-sections -ffreestanding -fno-move-loop-invariants -Wall -Wextra  -g3 -DDEBUG -DUSE_FULL_ASSERT -DTRACE -DOS_USE_TRACE_SEMIHOSTING_DEBUG -DSTM32F10X_MD -DUSE_STDPERIPH_DRIVER -DHSE_VALUE=8000000 -I"../include" -I"../system/include" -I"../system/include/cmsis" -I"../system/include/stm32f1-stdperiph" -std=gnu11 -MMD -MP -MF"src/SCHED_config.d" -MT"src/SCHED_config.o" -c -o "src/SCHED_config.o" "../src/SCHED_config.c"
../src/SCHED_config.c:19:38: warning: initialization of 'task_t *' {aka 'struct <anonymous> *'} from incompatible pointer type 'void (**)(void)' [-Wincompatible-pointer-types]
 sysTask_t userTasks[NumOfTasks] = { {&t1.runnable,0},
                                      ^
../src/SCHED_config.c:19:38: note: (near initialization for 'userTasks[0].appTask')
../src/SCHED_config.c:20:14: warning: initialization of 'task_t *' {aka 'struct <anonymous> *'} from incompatible pointer type 'void (**)(void)' [-Wincompatible-pointer-types]
             {&t2.runnable,0},
              ^
../src/SCHED_config.c:20:14: note: (near initialization for 'userTasks[1].appTask')
../src/SCHED_config.c:21:11: warning: initialization of 'task_t *' {aka 'struct <anonymous> *'} from incompatible pointer type 'void (**)(void)' [-Wincompatible-pointer-types]
          {&t3.runnable,0}
           ^
../src/SCHED_config.c:21:11: note: (near initialization for 'userTasks[2].appTask')
Finished building: ../src/SCHED_config.c
 
Building target: 28-3-2020_try_Scheduler.elf
Invoking: GNU ARM Cross C++ Linker
arm-none-eabi-g++ -mcpu=cortex-m3 -mthumb -Og -fmessage-length=0 -fsigned-char -ffunction-sections -fdata-sections -ffreestanding -fno-move-loop-invariants -Wall -Wextra  -g3 -T mem.ld -T libs.ld -T sections.ld -nostartfiles -Xlinker --gc-sections -L"../ldscripts" -Wl,-Map,"28-3-2020_try_Scheduler.map" --specs=nano.specs -o "28-3-2020_try_Scheduler.elf"  ./system/src/stm32f1-stdperiph/misc.o ./system/src/stm32f1-stdperiph/stm32f10x_rcc.o  ./system/src/newlib/_cxx.o ./system/src/newlib/_exit.o ./system/src/newlib/_sbrk.o ./system/src/newlib/_startup.o ./system/src/newlib/_syscalls.o ./system/src/newlib/assert.o  ./system/src/diag/Trace.o ./system/src/diag/trace_impl.o  ./system/src/cortexm/_initialize_hardware.o ./system/src/cortexm/_reset_hardware.o ./system/src/cortexm/exception_handlers.o  ./system/src/cmsis/system_stm32f10x.o ./system/src/cmsis/vectors_stm32f10x.o  ./src/GPIO.o ./src/RCC.o ./src/SCHED_config.o ./src/SCHED_program.o ./src/Systick.o ./src/main.o   
c:/program files (x86)/gnu tools arm embedded/8 2019-q3-update/bin/../lib/gcc/arm-none-eabi/8.3.1/../../../../arm-none-eabi/bin/ld.exe: ./src/SCHED_config.o:D:\ITI\Subjects\Embedded_Computer_Architecture_Eng.Tourky\Nafe3_Workspace-v2019\28-3-2020_try_Scheduler\Debug/../src/SCHED_config.c:19: undefined reference to `t1'
c:/program files (x86)/gnu tools arm embedded/8 2019-q3-update/bin/../lib/gcc/arm-none-eabi/8.3.1/../../../../arm-none-eabi/bin/ld.exe: ./src/SCHED_config.o:(.data.userTasks+0x8): undefined reference to `t2'
c:/program files (x86)/gnu tools arm embedded/8 2019-q3-update/bin/../lib/gcc/arm-none-eabi/8.3.1/../../../../arm-none-eabi/bin/ld.exe: ./src/SCHED_config.o:(.data.userTasks+0x10): undefined reference to `t3'
collect2.exe: error: ld returned 1 exit status
make: *** [28-3-2020_try_Scheduler.elf] Error 1
makefile:62: recipe for target '28-3-2020_try_Scheduler.elf' failed
"make all" terminated with exit code 2. Build might be incomplete.
02:00:29 **** Incremental Build of configuration Debug for project 28-3-2020_try_Scheduler ****
make all 
Building file: ../src/main.c
Invoking: GNU ARM Cross C Compiler
arm-none-eabi-gcc -mcpu=cortex-m3 -mthumb -Og -fmessage-length=0 -fsigned-char -ffunction-sections -fdata-sections -ffreestanding -fno-move-loop-invariants -Wall -Wextra  -g3 -DDEBUG -DUSE_FULL_ASSERT -DTRACE -DOS_USE_TRACE_SEMIHOSTING_DEBUG -DSTM32F10X_MD -DUSE_STDPERIPH_DRIVER -DHSE_VALUE=8000000 -I"../include" -I"../system/include" -I"../system/include/cmsis" -I"../system/include/stm32f1-stdperiph" -std=gnu11 -MMD -MP -MF"src/main.d" -MT"src/main.o" -c -o "src/main.o" "../src/main.c"
Finished building: ../src/main.c
 
Building target: 28-3-2020_try_Scheduler.elf
Invoking: GNU ARM Cross C++ Linker
arm-none-eabi-g++ -mcpu=cortex-m3 -mthumb -Og -fmessage-length=0 -fsigned-char -ffunction-sections -fdata-sections -ffreestanding -fno-move-loop-invariants -Wall -Wextra  -g3 -T mem.ld -T libs.ld -T sections.ld -nostartfiles -Xlinker --gc-sections -L"../ldscripts" -Wl,-Map,"28-3-2020_try_Scheduler.map" --specs=nano.specs -o "28-3-2020_try_Scheduler.elf"  ./system/src/stm32f1-stdperiph/misc.o ./system/src/stm32f1-stdperiph/stm32f10x_rcc.o  ./system/src/newlib/_cxx.o ./system/src/newlib/_exit.o ./system/src/newlib/_sbrk.o ./system/src/newlib/_startup.o ./system/src/newlib/_syscalls.o ./system/src/newlib/assert.o  ./system/src/diag/Trace.o ./system/src/diag/trace_impl.o  ./system/src/cortexm/_initialize_hardware.o ./system/src/cortexm/_reset_hardware.o ./system/src/cortexm/exception_handlers.o  ./system/src/cmsis/system_stm32f10x.o ./system/src/cmsis/vectors_stm32f10x.o  ./src/GPIO.o ./src/RCC.o ./src/SCHED_config.o ./src/SCHED_program.o ./src/Systick.o ./src/main.o   
Finished building target: 28-3-2020_try_Scheduler.elf
 
Invoking: GNU ARM Cross Create Flash Image
arm-none-eabi-objcopy -O ihex "28-3-2020_try_Scheduler.elf"  "28-3-2020_try_Scheduler.hex"
Finished building: 28-3-2020_try_Scheduler.hex
 
Invoking: GNU ARM Cross Print Size
arm-none-eabi-size --format=berkeley "28-3-2020_try_Scheduler.elf"
   text	   data	    bss	    dec	    hex	filename
   5275	    204	    500	   5979	   175b	28-3-2020_try_Scheduler.elf
Finished building: 28-3-2020_try_Scheduler.siz
 
02:00:45 **** Incremental Build of configuration Debug for project 28-3-2020_try_Scheduler ****
make all 
Invoking: GNU ARM Cross Print Size
arm-none-eabi-size --format=berkeley "28-3-2020_try_Scheduler.elf"
   text	   data	    bss	    dec	    hex	filename
   5275	    204	    500	   5979	   175b	28-3-2020_try_Scheduler.elf
Finished building: 28-3-2020_try_Scheduler.siz
 
02:01:27 **** Incremental Build of configuration Debug for project 28-3-2020_try_Scheduler ****
make all 
Invoking: GNU ARM Cross Print Size
arm-none-eabi-size --format=berkeley "28-3-2020_try_Scheduler.elf"
   text	   data	    bss	    dec	    hex	filename
   5275	    204	    500	   5979	   175b	28-3-2020_try_Scheduler.elf
Finished building: 28-3-2020_try_Scheduler.siz
 
02:01:59 **** Incremental Build of configuration Debug for project 28-3-2020_try_Scheduler ****
make all 
Building file: ../src/SCHED_config.c
Invoking: GNU ARM Cross C Compiler
arm-none-eabi-gcc -mcpu=cortex-m3 -mthumb -Og -fmessage-length=0 -fsigned-char -ffunction-sections -fdata-sections -ffreestanding -fno-move-loop-invariants -Wall -Wextra  -g3 -DDEBUG -DUSE_FULL_ASSERT -DTRACE -DOS_USE_TRACE_SEMIHOSTING_DEBUG -DSTM32F10X_MD -DUSE_STDPERIPH_DRIVER -DHSE_VALUE=8000000 -I"../include" -I"../system/include" -I"../system/include/cmsis" -I"../system/include/stm32f1-stdperiph" -std=gnu11 -MMD -MP -MF"src/SCHED_config.d" -MT"src/SCHED_config.o" -c -o "src/SCHED_config.o" "../src/SCHED_config.c"
Finished building: ../src/SCHED_config.c
 
Building target: 28-3-2020_try_Scheduler.elf
Invoking: GNU ARM Cross C++ Linker
arm-none-eabi-g++ -mcpu=cortex-m3 -mthumb -Og -fmessage-length=0 -fsigned-char -ffunction-sections -fdata-sections -ffreestanding -fno-move-loop-invariants -Wall -Wextra  -g3 -T mem.ld -T libs.ld -T sections.ld -nostartfiles -Xlinker --gc-sections -L"../ldscripts" -Wl,-Map,"28-3-2020_try_Scheduler.map" --specs=nano.specs -o "28-3-2020_try_Scheduler.elf"  ./system/src/stm32f1-stdperiph/misc.o ./system/src/stm32f1-stdperiph/stm32f10x_rcc.o  ./system/src/newlib/_cxx.o ./system/src/newlib/_exit.o ./system/src/newlib/_sbrk.o ./system/src/newlib/_startup.o ./system/src/newlib/_syscalls.o ./system/src/newlib/assert.o  ./system/src/diag/Trace.o ./system/src/diag/trace_impl.o  ./system/src/cortexm/_initialize_hardware.o ./system/src/cortexm/_reset_hardware.o ./system/src/cortexm/exception_handlers.o  ./system/src/cmsis/system_stm32f10x.o ./system/src/cmsis/vectors_stm32f10x.o  ./src/GPIO.o ./src/RCC.o ./src/SCHED_config.o ./src/SCHED_program.o ./src/Systick.o ./src/main.o   
Finished building target: 28-3-2020_try_Scheduler.elf
 
Invoking: GNU ARM Cross Create Flash Image
arm-none-eabi-objcopy -O ihex "28-3-2020_try_Scheduler.elf"  "28-3-2020_try_Scheduler.hex"
Finished building: 28-3-2020_try_Scheduler.hex
 
Invoking: GNU ARM Cross Print Size
arm-none-eabi-size --format=berkeley "28-3-2020_try_Scheduler.elf"
   text	   data	    bss	    dec	    hex	filename
   5275	    204	    500	   5979	   175b	28-3-2020_try_Scheduler.elf
Finished building: 28-3-2020_try_Scheduler.siz
 
02:02:04 **** Incremental Build of configuration Debug for project 28-3-2020_try_Scheduler ****
make all 
Invoking: GNU ARM Cross Print Size
arm-none-eabi-size --format=berkeley "28-3-2020_try_Scheduler.elf"
   text	   data	    bss	    dec	    hex	filename
   5275	    204	    500	   5979	   175b	28-3-2020_try_Scheduler.elf
Finished building: 28-3-2020_try_Scheduler.siz
 
02:03:04 **** Incremental Build of configuration Debug for project 28-3-2020_try_Scheduler ****
make all 
Invoking: GNU ARM Cross Print Size
arm-none-eabi-size --format=berkeley "28-3-2020_try_Scheduler.elf"
   text	   data	    bss	    dec	    hex	filename
   5275	    204	    500	   5979	   175b	28-3-2020_try_Scheduler.elf
Finished building: 28-3-2020_try_Scheduler.siz
 
02:05:54 **** Incremental Build of configuration Debug for project 28-3-2020_try_Scheduler ****
make all 
Building file: ../src/SCHED_program.c
Invoking: GNU ARM Cross C Compiler
arm-none-eabi-gcc -mcpu=cortex-m3 -mthumb -Og -fmessage-length=0 -fsigned-char -ffunction-sections -fdata-sections -ffreestanding -fno-move-loop-invariants -Wall -Wextra  -g3 -DDEBUG -DUSE_FULL_ASSERT -DTRACE -DOS_USE_TRACE_SEMIHOSTING_DEBUG -DSTM32F10X_MD -DUSE_STDPERIPH_DRIVER -DHSE_VALUE=8000000 -I"../include" -I"../system/include" -I"../system/include/cmsis" -I"../system/include/stm32f1-stdperiph" -std=gnu11 -MMD -MP -MF"src/SCHED_program.d" -MT"src/SCHED_program.o" -c -o "src/SCHED_program.o" "../src/SCHED_program.c"
Finished building: ../src/SCHED_program.c
 
Building target: 28-3-2020_try_Scheduler.elf
Invoking: GNU ARM Cross C++ Linker
arm-none-eabi-g++ -mcpu=cortex-m3 -mthumb -Og -fmessage-length=0 -fsigned-char -ffunction-sections -fdata-sections -ffreestanding -fno-move-loop-invariants -Wall -Wextra  -g3 -T mem.ld -T libs.ld -T sections.ld -nostartfiles -Xlinker --gc-sections -L"../ldscripts" -Wl,-Map,"28-3-2020_try_Scheduler.map" --specs=nano.specs -o "28-3-2020_try_Scheduler.elf"  ./system/src/stm32f1-stdperiph/misc.o ./system/src/stm32f1-stdperiph/stm32f10x_rcc.o  ./system/src/newlib/_cxx.o ./system/src/newlib/_exit.o ./system/src/newlib/_sbrk.o ./system/src/newlib/_startup.o ./system/src/newlib/_syscalls.o ./system/src/newlib/assert.o  ./system/src/diag/Trace.o ./system/src/diag/trace_impl.o  ./system/src/cortexm/_initialize_hardware.o ./system/src/cortexm/_reset_hardware.o ./system/src/cortexm/exception_handlers.o  ./system/src/cmsis/system_stm32f10x.o ./system/src/cmsis/vectors_stm32f10x.o  ./src/GPIO.o ./src/RCC.o ./src/SCHED_config.o ./src/SCHED_program.o ./src/Systick.o ./src/main.o   
Finished building target: 28-3-2020_try_Scheduler.elf
 
Invoking: GNU ARM Cross Create Flash Image
arm-none-eabi-objcopy -O ihex "28-3-2020_try_Scheduler.elf"  "28-3-2020_try_Scheduler.hex"
Finished building: 28-3-2020_try_Scheduler.hex
 
Invoking: GNU ARM Cross Print Size
arm-none-eabi-size --format=berkeley "28-3-2020_try_Scheduler.elf"
   text	   data	    bss	    dec	    hex	filename
   5271	    204	    500	   5975	   1757	28-3-2020_try_Scheduler.elf
Finished building: 28-3-2020_try_Scheduler.siz
 
02:05:58 **** Incremental Build of configuration Debug for project 28-3-2020_try_Scheduler ****
make all 
Invoking: GNU ARM Cross Print Size
arm-none-eabi-size --format=berkeley "28-3-2020_try_Scheduler.elf"
   text	   data	    bss	    dec	    hex	filename
   5271	    204	    500	   5975	   1757	28-3-2020_try_Scheduler.elf
Finished building: 28-3-2020_try_Scheduler.siz
 
02:06:02 **** Incremental Build of configuration Debug for project 28-3-2020_try_Scheduler ****
make all 
Invoking: GNU ARM Cross Print Size
arm-none-eabi-size --format=berkeley "28-3-2020_try_Scheduler.elf"
   text	   data	    bss	    dec	    hex	filename
   5271	    204	    500	   5975	   1757	28-3-2020_try_Scheduler.elf
Finished building: 28-3-2020_try_Scheduler.siz
 
02:06:58 **** Incremental Build of configuration Debug for project 28-3-2020_try_Scheduler ****
make all 
Invoking: GNU ARM Cross Print Size
arm-none-eabi-size --format=berkeley "28-3-2020_try_Scheduler.elf"
   text	   data	    bss	    dec	    hex	filename
   5271	    204	    500	   5975	   1757	28-3-2020_try_Scheduler.elf
Finished building: 28-3-2020_try_Scheduler.siz
 
02:08:45 **** Incremental Build of configuration Debug for project 28-3-2020_try_Scheduler ****
make all 
Invoking: GNU ARM Cross Print Size
arm-none-eabi-size --format=berkeley "28-3-2020_try_Scheduler.elf"
   text	   data	    bss	    dec	    hex	filename
   5271	    204	    500	   5975	   1757	28-3-2020_try_Scheduler.elf
Finished building: 28-3-2020_try_Scheduler.siz
 
02:11:41 **** Incremental Build of configuration Debug for project 28-3-2020_try_Scheduler ****
make all 
Building file: ../src/SCHED_program.c
Invoking: GNU ARM Cross C Compiler
arm-none-eabi-gcc -mcpu=cortex-m3 -mthumb -Og -fmessage-length=0 -fsigned-char -ffunction-sections -fdata-sections -ffreestanding -fno-move-loop-invariants -Wall -Wextra  -g3 -DDEBUG -DUSE_FULL_ASSERT -DTRACE -DOS_USE_TRACE_SEMIHOSTING_DEBUG -DSTM32F10X_MD -DUSE_STDPERIPH_DRIVER -DHSE_VALUE=8000000 -I"../include" -I"../system/include" -I"../system/include/cmsis" -I"../system/include/stm32f1-stdperiph" -std=gnu11 -MMD -MP -MF"src/SCHED_program.d" -MT"src/SCHED_program.o" -c -o "src/SCHED_program.o" "../src/SCHED_program.c"
Finished building: ../src/SCHED_program.c
 
Building target: 28-3-2020_try_Scheduler.elf
Invoking: GNU ARM Cross C++ Linker
arm-none-eabi-g++ -mcpu=cortex-m3 -mthumb -Og -fmessage-length=0 -fsigned-char -ffunction-sections -fdata-sections -ffreestanding -fno-move-loop-invariants -Wall -Wextra  -g3 -T mem.ld -T libs.ld -T sections.ld -nostartfiles -Xlinker --gc-sections -L"../ldscripts" -Wl,-Map,"28-3-2020_try_Scheduler.map" --specs=nano.specs -o "28-3-2020_try_Scheduler.elf"  ./system/src/stm32f1-stdperiph/misc.o ./system/src/stm32f1-stdperiph/stm32f10x_rcc.o  ./system/src/newlib/_cxx.o ./system/src/newlib/_exit.o ./system/src/newlib/_sbrk.o ./system/src/newlib/_startup.o ./system/src/newlib/_syscalls.o ./system/src/newlib/assert.o  ./system/src/diag/Trace.o ./system/src/diag/trace_impl.o  ./system/src/cortexm/_initialize_hardware.o ./system/src/cortexm/_reset_hardware.o ./system/src/cortexm/exception_handlers.o  ./system/src/cmsis/system_stm32f10x.o ./system/src/cmsis/vectors_stm32f10x.o  ./src/GPIO.o ./src/RCC.o ./src/SCHED_config.o ./src/SCHED_program.o ./src/Systick.o ./src/main.o   
Finished building target: 28-3-2020_try_Scheduler.elf
 
Invoking: GNU ARM Cross Create Flash Image
arm-none-eabi-objcopy -O ihex "28-3-2020_try_Scheduler.elf"  "28-3-2020_try_Scheduler.hex"
Finished building: 28-3-2020_try_Scheduler.hex
 
Invoking: GNU ARM Cross Print Size
arm-none-eabi-size --format=berkeley "28-3-2020_try_Scheduler.elf"
   text	   data	    bss	    dec	    hex	filename
   5271	    204	    500	   5975	   1757	28-3-2020_try_Scheduler.elf
Finished building: 28-3-2020_try_Scheduler.siz
 
02:12:34 **** Incremental Build of configuration Debug for project 28-3-2020_try_Scheduler ****
make all 
Building file: ../src/SCHED_program.c
Invoking: GNU ARM Cross C Compiler
arm-none-eabi-gcc -mcpu=cortex-m3 -mthumb -Og -fmessage-length=0 -fsigned-char -ffunction-sections -fdata-sections -ffreestanding -fno-move-loop-invariants -Wall -Wextra  -g3 -DDEBUG -DUSE_FULL_ASSERT -DTRACE -DOS_USE_TRACE_SEMIHOSTING_DEBUG -DSTM32F10X_MD -DUSE_STDPERIPH_DRIVER -DHSE_VALUE=8000000 -I"../include" -I"../system/include" -I"../system/include/cmsis" -I"../system/include/stm32f1-stdperiph" -std=gnu11 -MMD -MP -MF"src/SCHED_program.d" -MT"src/SCHED_program.o" -c -o "src/SCHED_program.o" "../src/SCHED_program.c"
Finished building: ../src/SCHED_program.c
 
Building target: 28-3-2020_try_Scheduler.elf
Invoking: GNU ARM Cross C++ Linker
arm-none-eabi-g++ -mcpu=cortex-m3 -mthumb -Og -fmessage-length=0 -fsigned-char -ffunction-sections -fdata-sections -ffreestanding -fno-move-loop-invariants -Wall -Wextra  -g3 -T mem.ld -T libs.ld -T sections.ld -nostartfiles -Xlinker --gc-sections -L"../ldscripts" -Wl,-Map,"28-3-2020_try_Scheduler.map" --specs=nano.specs -o "28-3-2020_try_Scheduler.elf"  ./system/src/stm32f1-stdperiph/misc.o ./system/src/stm32f1-stdperiph/stm32f10x_rcc.o  ./system/src/newlib/_cxx.o ./system/src/newlib/_exit.o ./system/src/newlib/_sbrk.o ./system/src/newlib/_startup.o ./system/src/newlib/_syscalls.o ./system/src/newlib/assert.o  ./system/src/diag/Trace.o ./system/src/diag/trace_impl.o  ./system/src/cortexm/_initialize_hardware.o ./system/src/cortexm/_reset_hardware.o ./system/src/cortexm/exception_handlers.o  ./system/src/cmsis/system_stm32f10x.o ./system/src/cmsis/vectors_stm32f10x.o  ./src/GPIO.o ./src/RCC.o ./src/SCHED_config.o ./src/SCHED_program.o ./src/Systick.o ./src/main.o   
Finished building target: 28-3-2020_try_Scheduler.elf
 
Invoking: GNU ARM Cross Create Flash Image
arm-none-eabi-objcopy -O ihex "28-3-2020_try_Scheduler.elf"  "28-3-2020_try_Scheduler.hex"
Finished building: 28-3-2020_try_Scheduler.hex
 
Invoking: GNU ARM Cross Print Size
arm-none-eabi-size --format=berkeley "28-3-2020_try_Scheduler.elf"
   text	   data	    bss	    dec	    hex	filename
   5271	    204	    500	   5975	   1757	28-3-2020_try_Scheduler.elf
Finished building: 28-3-2020_try_Scheduler.siz
 
02:13:17 **** Incremental Build of configuration Debug for project 28-3-2020_try_Scheduler ****
make all 
Invoking: GNU ARM Cross Print Size
arm-none-eabi-size --format=berkeley "28-3-2020_try_Scheduler.elf"
   text	   data	    bss	    dec	    hex	filename
   5271	    204	    500	   5975	   1757	28-3-2020_try_Scheduler.elf
Finished building: 28-3-2020_try_Scheduler.siz
 
02:16:51 **** Incremental Build of configuration Debug for project 28-3-2020_try_Scheduler ****
make all 
Invoking: GNU ARM Cross Print Size
arm-none-eabi-size --format=berkeley "28-3-2020_try_Scheduler.elf"
   text	   data	    bss	    dec	    hex	filename
   5271	    204	    500	   5975	   1757	28-3-2020_try_Scheduler.elf
Finished building: 28-3-2020_try_Scheduler.siz
 
02:20:52 **** Incremental Build of configuration Debug for project 28-3-2020_try_Scheduler ****
make all 
Building file: ../src/SCHED_program.c
Invoking: GNU ARM Cross C Compiler
arm-none-eabi-gcc -mcpu=cortex-m3 -mthumb -Og -fmessage-length=0 -fsigned-char -ffunction-sections -fdata-sections -ffreestanding -fno-move-loop-invariants -Wall -Wextra  -g3 -DDEBUG -DUSE_FULL_ASSERT -DTRACE -DOS_USE_TRACE_SEMIHOSTING_DEBUG -DSTM32F10X_MD -DUSE_STDPERIPH_DRIVER -DHSE_VALUE=8000000 -I"../include" -I"../system/include" -I"../system/include/cmsis" -I"../system/include/stm32f1-stdperiph" -std=gnu11 -MMD -MP -MF"src/SCHED_program.d" -MT"src/SCHED_program.o" -c -o "src/SCHED_program.o" "../src/SCHED_program.c"
Finished building: ../src/SCHED_program.c
 
Building target: 28-3-2020_try_Scheduler.elf
Invoking: GNU ARM Cross C++ Linker
arm-none-eabi-g++ -mcpu=cortex-m3 -mthumb -Og -fmessage-length=0 -fsigned-char -ffunction-sections -fdata-sections -ffreestanding -fno-move-loop-invariants -Wall -Wextra  -g3 -T mem.ld -T libs.ld -T sections.ld -nostartfiles -Xlinker --gc-sections -L"../ldscripts" -Wl,-Map,"28-3-2020_try_Scheduler.map" --specs=nano.specs -o "28-3-2020_try_Scheduler.elf"  ./system/src/stm32f1-stdperiph/misc.o ./system/src/stm32f1-stdperiph/stm32f10x_rcc.o  ./system/src/newlib/_cxx.o ./system/src/newlib/_exit.o ./system/src/newlib/_sbrk.o ./system/src/newlib/_startup.o ./system/src/newlib/_syscalls.o ./system/src/newlib/assert.o  ./system/src/diag/Trace.o ./system/src/diag/trace_impl.o  ./system/src/cortexm/_initialize_hardware.o ./system/src/cortexm/_reset_hardware.o ./system/src/cortexm/exception_handlers.o  ./system/src/cmsis/system_stm32f10x.o ./system/src/cmsis/vectors_stm32f10x.o  ./src/GPIO.o ./src/RCC.o ./src/SCHED_config.o ./src/SCHED_program.o ./src/Systick.o ./src/main.o   
Finished building target: 28-3-2020_try_Scheduler.elf
 
Invoking: GNU ARM Cross Create Flash Image
arm-none-eabi-objcopy -O ihex "28-3-2020_try_Scheduler.elf"  "28-3-2020_try_Scheduler.hex"
Finished building: 28-3-2020_try_Scheduler.hex
 
Invoking: GNU ARM Cross Print Size
arm-none-eabi-size --format=berkeley "28-3-2020_try_Scheduler.elf"
   text	   data	    bss	    dec	    hex	filename
   5259	    204	    500	   5963	   174b	28-3-2020_try_Scheduler.elf
Finished building: 28-3-2020_try_Scheduler.siz
 
02:20:58 **** Incremental Build of configuration Debug for project 28-3-2020_try_Scheduler ****
make all 
Invoking: GNU ARM Cross Print Size
arm-none-eabi-size --format=berkeley "28-3-2020_try_Scheduler.elf"
   text	   data	    bss	    dec	    hex	filename
   5259	    204	    500	   5963	   174b	28-3-2020_try_Scheduler.elf
Finished building: 28-3-2020_try_Scheduler.siz
 
02:22:45 **** Incremental Build of configuration Debug for project 28-3-2020_try_Scheduler ****
make all 
Building file: ../src/SCHED_program.c
Invoking: GNU ARM Cross C Compiler
arm-none-eabi-gcc -mcpu=cortex-m3 -mthumb -Og -fmessage-length=0 -fsigned-char -ffunction-sections -fdata-sections -ffreestanding -fno-move-loop-invariants -Wall -Wextra  -g3 -DDEBUG -DUSE_FULL_ASSERT -DTRACE -DOS_USE_TRACE_SEMIHOSTING_DEBUG -DSTM32F10X_MD -DUSE_STDPERIPH_DRIVER -DHSE_VALUE=8000000 -I"../include" -I"../system/include" -I"../system/include/cmsis" -I"../system/include/stm32f1-stdperiph" -std=gnu11 -MMD -MP -MF"src/SCHED_program.d" -MT"src/SCHED_program.o" -c -o "src/SCHED_program.o" "../src/SCHED_program.c"
Finished building: ../src/SCHED_program.c
 
Building target: 28-3-2020_try_Scheduler.elf
Invoking: GNU ARM Cross C++ Linker
arm-none-eabi-g++ -mcpu=cortex-m3 -mthumb -Og -fmessage-length=0 -fsigned-char -ffunction-sections -fdata-sections -ffreestanding -fno-move-loop-invariants -Wall -Wextra  -g3 -T mem.ld -T libs.ld -T sections.ld -nostartfiles -Xlinker --gc-sections -L"../ldscripts" -Wl,-Map,"28-3-2020_try_Scheduler.map" --specs=nano.specs -o "28-3-2020_try_Scheduler.elf"  ./system/src/stm32f1-stdperiph/misc.o ./system/src/stm32f1-stdperiph/stm32f10x_rcc.o  ./system/src/newlib/_cxx.o ./system/src/newlib/_exit.o ./system/src/newlib/_sbrk.o ./system/src/newlib/_startup.o ./system/src/newlib/_syscalls.o ./system/src/newlib/assert.o  ./system/src/diag/Trace.o ./system/src/diag/trace_impl.o  ./system/src/cortexm/_initialize_hardware.o ./system/src/cortexm/_reset_hardware.o ./system/src/cortexm/exception_handlers.o  ./system/src/cmsis/system_stm32f10x.o ./system/src/cmsis/vectors_stm32f10x.o  ./src/GPIO.o ./src/RCC.o ./src/SCHED_config.o ./src/SCHED_program.o ./src/Systick.o ./src/main.o   
Finished building target: 28-3-2020_try_Scheduler.elf
 
Invoking: GNU ARM Cross Create Flash Image
arm-none-eabi-objcopy -O ihex "28-3-2020_try_Scheduler.elf"  "28-3-2020_try_Scheduler.hex"
Finished building: 28-3-2020_try_Scheduler.hex
 
Invoking: GNU ARM Cross Print Size
arm-none-eabi-size --format=berkeley "28-3-2020_try_Scheduler.elf"
   text	   data	    bss	    dec	    hex	filename
   5271	    204	    500	   5975	   1757	28-3-2020_try_Scheduler.elf
Finished building: 28-3-2020_try_Scheduler.siz
 
02:23:49 **** Incremental Build of configuration Debug for project 28-3-2020_try_Scheduler ****
make all 
Building file: ../src/SCHED_program.c
Invoking: GNU ARM Cross C Compiler
arm-none-eabi-gcc -mcpu=cortex-m3 -mthumb -Og -fmessage-length=0 -fsigned-char -ffunction-sections -fdata-sections -ffreestanding -fno-move-loop-invariants -Wall -Wextra  -g3 -DDEBUG -DUSE_FULL_ASSERT -DTRACE -DOS_USE_TRACE_SEMIHOSTING_DEBUG -DSTM32F10X_MD -DUSE_STDPERIPH_DRIVER -DHSE_VALUE=8000000 -I"../include" -I"../system/include" -I"../system/include/cmsis" -I"../system/include/stm32f1-stdperiph" -std=gnu11 -MMD -MP -MF"src/SCHED_program.d" -MT"src/SCHED_program.o" -c -o "src/SCHED_program.o" "../src/SCHED_program.c"
Finished building: ../src/SCHED_program.c
 
Building target: 28-3-2020_try_Scheduler.elf
Invoking: GNU ARM Cross C++ Linker
arm-none-eabi-g++ -mcpu=cortex-m3 -mthumb -Og -fmessage-length=0 -fsigned-char -ffunction-sections -fdata-sections -ffreestanding -fno-move-loop-invariants -Wall -Wextra  -g3 -T mem.ld -T libs.ld -T sections.ld -nostartfiles -Xlinker --gc-sections -L"../ldscripts" -Wl,-Map,"28-3-2020_try_Scheduler.map" --specs=nano.specs -o "28-3-2020_try_Scheduler.elf"  ./system/src/stm32f1-stdperiph/misc.o ./system/src/stm32f1-stdperiph/stm32f10x_rcc.o  ./system/src/newlib/_cxx.o ./system/src/newlib/_exit.o ./system/src/newlib/_sbrk.o ./system/src/newlib/_startup.o ./system/src/newlib/_syscalls.o ./system/src/newlib/assert.o  ./system/src/diag/Trace.o ./system/src/diag/trace_impl.o  ./system/src/cortexm/_initialize_hardware.o ./system/src/cortexm/_reset_hardware.o ./system/src/cortexm/exception_handlers.o  ./system/src/cmsis/system_stm32f10x.o ./system/src/cmsis/vectors_stm32f10x.o  ./src/GPIO.o ./src/RCC.o ./src/SCHED_config.o ./src/SCHED_program.o ./src/Systick.o ./src/main.o   
Finished building target: 28-3-2020_try_Scheduler.elf
 
Invoking: GNU ARM Cross Create Flash Image
arm-none-eabi-objcopy -O ihex "28-3-2020_try_Scheduler.elf"  "28-3-2020_try_Scheduler.hex"
Finished building: 28-3-2020_try_Scheduler.hex
 
Invoking: GNU ARM Cross Print Size
arm-none-eabi-size --format=berkeley "28-3-2020_try_Scheduler.elf"
   text	   data	    bss	    dec	    hex	filename
   5263	    204	    500	   5967	   174f	28-3-2020_try_Scheduler.elf
Finished building: 28-3-2020_try_Scheduler.siz
 
02:25:46 **** Incremental Build of configuration Debug for project 28-3-2020_try_Scheduler ****
make all 
Building file: ../src/SCHED_program.c
Invoking: GNU ARM Cross C Compiler
arm-none-eabi-gcc -mcpu=cortex-m3 -mthumb -Og -fmessage-length=0 -fsigned-char -ffunction-sections -fdata-sections -ffreestanding -fno-move-loop-invariants -Wall -Wextra  -g3 -DDEBUG -DUSE_FULL_ASSERT -DTRACE -DOS_USE_TRACE_SEMIHOSTING_DEBUG -DSTM32F10X_MD -DUSE_STDPERIPH_DRIVER -DHSE_VALUE=8000000 -I"../include" -I"../system/include" -I"../system/include/cmsis" -I"../system/include/stm32f1-stdperiph" -std=gnu11 -MMD -MP -MF"src/SCHED_program.d" -MT"src/SCHED_program.o" -c -o "src/SCHED_program.o" "../src/SCHED_program.c"
Finished building: ../src/SCHED_program.c
 
Building target: 28-3-2020_try_Scheduler.elf
Invoking: GNU ARM Cross C++ Linker
arm-none-eabi-g++ -mcpu=cortex-m3 -mthumb -Og -fmessage-length=0 -fsigned-char -ffunction-sections -fdata-sections -ffreestanding -fno-move-loop-invariants -Wall -Wextra  -g3 -T mem.ld -T libs.ld -T sections.ld -nostartfiles -Xlinker --gc-sections -L"../ldscripts" -Wl,-Map,"28-3-2020_try_Scheduler.map" --specs=nano.specs -o "28-3-2020_try_Scheduler.elf"  ./system/src/stm32f1-stdperiph/misc.o ./system/src/stm32f1-stdperiph/stm32f10x_rcc.o  ./system/src/newlib/_cxx.o ./system/src/newlib/_exit.o ./system/src/newlib/_sbrk.o ./system/src/newlib/_startup.o ./system/src/newlib/_syscalls.o ./system/src/newlib/assert.o  ./system/src/diag/Trace.o ./system/src/diag/trace_impl.o  ./system/src/cortexm/_initialize_hardware.o ./system/src/cortexm/_reset_hardware.o ./system/src/cortexm/exception_handlers.o  ./system/src/cmsis/system_stm32f10x.o ./system/src/cmsis/vectors_stm32f10x.o  ./src/GPIO.o ./src/RCC.o ./src/SCHED_config.o ./src/SCHED_program.o ./src/Systick.o ./src/main.o   
Finished building target: 28-3-2020_try_Scheduler.elf
 
Invoking: GNU ARM Cross Create Flash Image
arm-none-eabi-objcopy -O ihex "28-3-2020_try_Scheduler.elf"  "28-3-2020_try_Scheduler.hex"
Finished building: 28-3-2020_try_Scheduler.hex
 
Invoking: GNU ARM Cross Print Size
arm-none-eabi-size --format=berkeley "28-3-2020_try_Scheduler.elf"
   text	   data	    bss	    dec	    hex	filename
   5263	    204	    500	   5967	   174f	28-3-2020_try_Scheduler.elf
Finished building: 28-3-2020_try_Scheduler.siz
 
