16:35:16 **** Incremental Build of configuration Debug for project GPIO_Driver ****
make all 
'Building file: ../src/GPIO.c'
'Invoking: GNU ARM Cross C Compiler'
arm-none-eabi-gcc -mcpu=cortex-m3 -mthumb -Og -fmessage-length=0 -fsigned-char -ffunction-sections -fdata-sections -ffreestanding -fno-move-loop-invariants -Wall -Wextra  -g3 -DDEBUG -DUSE_FULL_ASSERT -DTRACE -DOS_USE_TRACE_SEMIHOSTING_DEBUG -DSTM32F10X_MD -DUSE_STDPERIPH_DRIVER -DHSE_VALUE=8000000 -I"../include" -I"../system/include" -I"../system/include/cmsis" -I"../system/include/stm32f1-stdperiph" -std=gnu11 -MMD -MP -MF"src/GPIO.d" -MT"src/GPIO.o" -c -o "src/GPIO.o" "../src/GPIO.c"
'Finished building: ../src/GPIO.c'
' '
'Building target: GPIO_Driver.elf'
'Invoking: GNU ARM Cross C++ Linker'
arm-none-eabi-g++ -mcpu=cortex-m3 -mthumb -Og -fmessage-length=0 -fsigned-char -ffunction-sections -fdata-sections -ffreestanding -fno-move-loop-invariants -Wall -Wextra  -g3 -T mem.ld -T libs.ld -T sections.ld -nostartfiles -Xlinker --gc-sections -L"../ldscripts" -Wl,-Map,"GPIO_Driver.map" --specs=nano.specs -o "GPIO_Driver.elf"  ./system/src/stm32f1-stdperiph/misc.o ./system/src/stm32f1-stdperiph/stm32f10x_rcc.o  ./system/src/newlib/_cxx.o ./system/src/newlib/_exit.o ./system/src/newlib/_sbrk.o ./system/src/newlib/_startup.o ./system/src/newlib/_syscalls.o ./system/src/newlib/assert.o  ./system/src/diag/Trace.o ./system/src/diag/trace_impl.o  ./system/src/cortexm/_initialize_hardware.o ./system/src/cortexm/_reset_hardware.o ./system/src/cortexm/exception_handlers.o  ./system/src/cmsis/system_stm32f10x.o ./system/src/cmsis/vectors_stm32f10x.o  ./src/GPIO.o ./src/test.o   
'Finished building target: GPIO_Driver.elf'
' '
'Invoking: GNU ARM Cross Create Flash Image'
arm-none-eabi-objcopy -O ihex "GPIO_Driver.elf"  "GPIO_Driver.hex"
'Finished building: GPIO_Driver.hex'
' '
'Invoking: GNU ARM Cross Print Size'
arm-none-eabi-size --format=berkeley "GPIO_Driver.elf"
   text	   data	    bss	    dec	    hex	filename
   4515	    176	    424	   5115	   13fb	GPIO_Driver.elf
'Finished building: GPIO_Driver.siz'
' '

16:35:17 Build Finished. 0 errors, 0 warnings. (took 1s.61ms)

